Archive member included to satisfy reference by file (symbol)

/usr/lib/gcc/arm-none-eabi/9.3.0/../../../../arm-none-eabi/lib/thumb/v7e-m+fp/hard/libc_nano.a(lib_a-aeabi_atexit.o)
                              build/main.cpp.o (__aeabi_atexit)
/usr/lib/gcc/arm-none-eabi/9.3.0/../../../../arm-none-eabi/lib/thumb/v7e-m+fp/hard/libc_nano.a(lib_a-atexit.o)
                              /usr/lib/gcc/arm-none-eabi/9.3.0/../../../../arm-none-eabi/lib/thumb/v7e-m+fp/hard/crt0.o (atexit)
/usr/lib/gcc/arm-none-eabi/9.3.0/../../../../arm-none-eabi/lib/thumb/v7e-m+fp/hard/libc_nano.a(lib_a-cxa_atexit.o)
                              /usr/lib/gcc/arm-none-eabi/9.3.0/../../../../arm-none-eabi/lib/thumb/v7e-m+fp/hard/libc_nano.a(lib_a-aeabi_atexit.o) (__cxa_atexit)
/usr/lib/gcc/arm-none-eabi/9.3.0/../../../../arm-none-eabi/lib/thumb/v7e-m+fp/hard/libc_nano.a(lib_a-exit.o)
                              /usr/lib/gcc/arm-none-eabi/9.3.0/../../../../arm-none-eabi/lib/thumb/v7e-m+fp/hard/crt0.o (exit)
/usr/lib/gcc/arm-none-eabi/9.3.0/../../../../arm-none-eabi/lib/thumb/v7e-m+fp/hard/libc_nano.a(lib_a-fini.o)
                              /usr/lib/gcc/arm-none-eabi/9.3.0/../../../../arm-none-eabi/lib/thumb/v7e-m+fp/hard/crt0.o (__libc_fini_array)
/usr/lib/gcc/arm-none-eabi/9.3.0/../../../../arm-none-eabi/lib/thumb/v7e-m+fp/hard/libc_nano.a(lib_a-impure.o)
                              /usr/lib/gcc/arm-none-eabi/9.3.0/../../../../arm-none-eabi/lib/thumb/v7e-m+fp/hard/libc_nano.a(lib_a-exit.o) (_global_impure_ptr)
/usr/lib/gcc/arm-none-eabi/9.3.0/../../../../arm-none-eabi/lib/thumb/v7e-m+fp/hard/libc_nano.a(lib_a-init.o)
                              /usr/lib/gcc/arm-none-eabi/9.3.0/../../../../arm-none-eabi/lib/thumb/v7e-m+fp/hard/crt0.o (__libc_init_array)
/usr/lib/gcc/arm-none-eabi/9.3.0/../../../../arm-none-eabi/lib/thumb/v7e-m+fp/hard/libc_nano.a(lib_a-malloc.o)
                              build/new.cpp.o (malloc)
/usr/lib/gcc/arm-none-eabi/9.3.0/../../../../arm-none-eabi/lib/thumb/v7e-m+fp/hard/libc_nano.a(lib_a-memmove.o)
                              build/main.cpp.o (memmove)
/usr/lib/gcc/arm-none-eabi/9.3.0/../../../../arm-none-eabi/lib/thumb/v7e-m+fp/hard/libc_nano.a(lib_a-memset.o)
                              /usr/lib/gcc/arm-none-eabi/9.3.0/../../../../arm-none-eabi/lib/thumb/v7e-m+fp/hard/crt0.o (memset)
/usr/lib/gcc/arm-none-eabi/9.3.0/../../../../arm-none-eabi/lib/thumb/v7e-m+fp/hard/libc_nano.a(lib_a-nano-freer.o)
                              /usr/lib/gcc/arm-none-eabi/9.3.0/../../../../arm-none-eabi/lib/thumb/v7e-m+fp/hard/libc_nano.a(lib_a-malloc.o) (_free_r)
/usr/lib/gcc/arm-none-eabi/9.3.0/../../../../arm-none-eabi/lib/thumb/v7e-m+fp/hard/libc_nano.a(lib_a-nano-mallocr.o)
                              /usr/lib/gcc/arm-none-eabi/9.3.0/../../../../arm-none-eabi/lib/thumb/v7e-m+fp/hard/libc_nano.a(lib_a-malloc.o) (_malloc_r)
/usr/lib/gcc/arm-none-eabi/9.3.0/../../../../arm-none-eabi/lib/thumb/v7e-m+fp/hard/libc_nano.a(lib_a-on_exit_args.o)
                              /usr/lib/gcc/arm-none-eabi/9.3.0/../../../../arm-none-eabi/lib/thumb/v7e-m+fp/hard/libc_nano.a(lib_a-cxa_atexit.o) (__on_exit_args)
/usr/lib/gcc/arm-none-eabi/9.3.0/../../../../arm-none-eabi/lib/thumb/v7e-m+fp/hard/libc_nano.a(lib_a-printf.o)
                              build/main.cpp.o (printf)
/usr/lib/gcc/arm-none-eabi/9.3.0/../../../../arm-none-eabi/lib/thumb/v7e-m+fp/hard/libc_nano.a(lib_a-sbrkr.o)
                              /usr/lib/gcc/arm-none-eabi/9.3.0/../../../../arm-none-eabi/lib/thumb/v7e-m+fp/hard/libc_nano.a(lib_a-nano-mallocr.o) (_sbrk_r)
/usr/lib/gcc/arm-none-eabi/9.3.0/../../../../arm-none-eabi/lib/thumb/v7e-m+fp/hard/libc_nano.a(lib_a-__atexit.o)
                              /usr/lib/gcc/arm-none-eabi/9.3.0/../../../../arm-none-eabi/lib/thumb/v7e-m+fp/hard/libc_nano.a(lib_a-atexit.o) (__register_exitproc)
/usr/lib/gcc/arm-none-eabi/9.3.0/../../../../arm-none-eabi/lib/thumb/v7e-m+fp/hard/libc_nano.a(lib_a-__call_atexit.o)
                              /usr/lib/gcc/arm-none-eabi/9.3.0/../../../../arm-none-eabi/lib/thumb/v7e-m+fp/hard/libc_nano.a(lib_a-__atexit.o) (__call_exitprocs)
/usr/lib/gcc/arm-none-eabi/9.3.0/../../../../arm-none-eabi/lib/thumb/v7e-m+fp/hard/libc_nano.a(lib_a-findfp.o)
                              /usr/lib/gcc/arm-none-eabi/9.3.0/../../../../arm-none-eabi/lib/thumb/v7e-m+fp/hard/libc_nano.a(lib_a-printf.o) (__sinit)
/usr/lib/gcc/arm-none-eabi/9.3.0/../../../../arm-none-eabi/lib/thumb/v7e-m+fp/hard/libc_nano.a(lib_a-fwalk.o)
                              /usr/lib/gcc/arm-none-eabi/9.3.0/../../../../arm-none-eabi/lib/thumb/v7e-m+fp/hard/libc_nano.a(lib_a-findfp.o) (_fwalk)
/usr/lib/gcc/arm-none-eabi/9.3.0/../../../../arm-none-eabi/lib/thumb/v7e-m+fp/hard/libc_nano.a(lib_a-lock.o)
                              /usr/lib/gcc/arm-none-eabi/9.3.0/../../../../arm-none-eabi/lib/thumb/v7e-m+fp/hard/libc_nano.a(lib_a-findfp.o) (__retarget_lock_init_recursive)
[...]
Memory Configuration

Name             Origin             Length             Attributes
RAM              0x0000000020000000 0x0000000000020000 xrw
CCMRAM           0x0000000010000000 0x0000000000010000 xrw
FLASH            0x0000000008000000 0x0000000000100000 xr
*default*        0x0000000000000000 0xffffffffffffffff

Linker script and memory map

LOAD /usr/lib/gcc/arm-none-eabi/9.3.0/thumb/v7e-m+fp/hard/crti.o
LOAD /usr/lib/gcc/arm-none-eabi/9.3.0/thumb/v7e-m+fp/hard/crtbegin.o
LOAD /usr/lib/gcc/arm-none-eabi/9.3.0/../../../../arm-none-eabi/lib/thumb/v7e-m+fp/hard/crt0.o
LOAD build/main.o
LOAD build/stm32f4xx_it.o
LOAD build/stm32f4xx_hal_msp.o
LOAD build/stm32f4xx_hal_i2c.o
LOAD build/stm32f4xx_hal_i2c_ex.o
LOAD build/stm32f4xx_hal_rcc.o
LOAD build/stm32f4xx_hal_rcc_ex.o
LOAD build/stm32f4xx_hal_flash.o
LOAD build/stm32f4xx_hal_flash_ex.o
LOAD build/stm32f4xx_hal_flash_ramfunc.o
LOAD build/stm32f4xx_hal_gpio.o
LOAD build/stm32f4xx_hal_dma_ex.o
LOAD build/stm32f4xx_hal_dma.o
LOAD build/stm32f4xx_hal_pwr.o
LOAD build/stm32f4xx_hal_pwr_ex.o
LOAD build/stm32f4xx_hal_cortex.o
LOAD build/stm32f4xx_hal.o
LOAD build/stm32f4xx_hal_exti.o
LOAD build/stm32f4xx_hal_tim.o
LOAD build/stm32f4xx_hal_tim_ex.o
LOAD build/stm32f4xx_hal_pcd.o
LOAD build/stm32f4xx_hal_pcd_ex.o
LOAD build/stm32f4xx_ll_usb.o
LOAD build/system_stm32f4xx.o
LOAD build/stm32f4xx_hal_adc.o
LOAD build/stm32f4xx_hal_adc_ex.o
LOAD build/stm32f4xx_hal_spi.o
LOAD build/stm32f4xx_hal_uart.o
LOAD build/startup_stm32f407xx.o
LOAD build/main.cpp.o
LOAD build/new.cpp.o
LOAD /usr/lib/gcc/arm-none-eabi/9.3.0/../../../../arm-none-eabi/lib/thumb/v7e-m+fp/hard/libc_nano.a
LOAD /usr/lib/gcc/arm-none-eabi/9.3.0/../../../../arm-none-eabi/lib/thumb/v7e-m+fp/hard/libm.a
LOAD /usr/lib/gcc/arm-none-eabi/9.3.0/../../../../arm-none-eabi/lib/thumb/v7e-m+fp/hard/libnosys.a
START GROUP
LOAD /usr/lib/gcc/arm-none-eabi/9.3.0/thumb/v7e-m+fp/hard/libgcc.a
LOAD /usr/lib/gcc/arm-none-eabi/9.3.0/../../../../arm-none-eabi/lib/thumb/v7e-m+fp/hard/libc_nano.a
END GROUP
START GROUP
LOAD /usr/lib/gcc/arm-none-eabi/9.3.0/thumb/v7e-m+fp/hard/libgcc.a
LOAD /usr/lib/gcc/arm-none-eabi/9.3.0/../../../../arm-none-eabi/lib/thumb/v7e-m+fp/hard/libc_nano.a
END GROUP
LOAD /usr/lib/gcc/arm-none-eabi/9.3.0/thumb/v7e-m+fp/hard/crtend.o
LOAD /usr/lib/gcc/arm-none-eabi/9.3.0/thumb/v7e-m+fp/hard/crtn.o
                0x0000000020020000                _estack = 0x20020000
                0x0000000000000200                _Min_Heap_Size = 0x200
                0x0000000000000400                _Min_Stack_Size = 0x400

.isr_vector     0x0000000008000000      0x188
                0x0000000008000000                . = ALIGN (0x4)
 *(.isr_vector)
 .isr_vector    0x0000000008000000      0x188 build/startup_stm32f407xx.o
                0x0000000008000000                g_pfnVectors
                0x0000000008000188                . = ALIGN (0x4)

.text           0x0000000008000190     0x8a24
                0x0000000008000190                . = ALIGN (0x4)
 *(.text)
 .text          0x0000000008000190       0xa0 /usr/lib/gcc/arm-none-eabi/9.3.0/../../../../arm-none-eabi/lib/thumb/v7e-m+fp/hard/libc_nano.a(lib_a-memchr.o)
                0x0000000008000190                memchr
 .text          0x0000000008000230       0x30 /usr/lib/gcc/arm-none-eabi/9.3.0/thumb/v7e-m+fp/hard/libgcc.a(_aeabi_uldivmod.o)
                0x0000000008000230                __aeabi_uldivmod
 .text          0x0000000008000260        0x4 /usr/lib/gcc/arm-none-eabi/9.3.0/thumb/v7e-m+fp/hard/libgcc.a(_dvmd_tls.o)
                0x0000000008000260                __aeabi_ldiv0
                0x0000000008000260                __aeabi_idiv0
 *(.text*)
 .text.__do_global_dtors_aux
                0x0000000008000264       0x24 /usr/lib/gcc/arm-none-eabi/9.3.0/thumb/v7e-m+fp/hard/crtbegin.o
 .text.frame_dummy
                0x0000000008000288       0x1c /usr/lib/gcc/arm-none-eabi/9.3.0/thumb/v7e-m+fp/hard/crtbegin.o
 .text.main     0x00000000080002a4       0x32 build/main.o
                0x00000000080002a4                main
 *fill*         0x00000000080002d6        0x2 
 .text.SystemClock_Config
                0x00000000080002d8       0xd4 build/main.o
                0x00000000080002d8                SystemClock_Config
 .text.MX_ADC1_Init
                0x00000000080003ac       0xa4 build/main.o
 .text.MX_I2C1_Init
                0x0000000008000450       0x5c build/main.o
 .text.MX_SPI3_Init
                0x00000000080004ac       0x6c build/main.o
 .text.MX_USART3_UART_Init
                0x0000000008000518       0x54 build/main.o
 .text.MX_USB_OTG_FS_PCD_Init
                0x000000000800056c       0x5c build/main.o
 .text.MX_DMA_Init
                0x00000000080005c8       0x40 build/main.o
 .text.MX_GPIO_Init
                0x0000000008000608      0x274 build/main.o
 .text.Error_Handler
                0x000000000800087c        0xe build/main.o
                0x000000000800087c                Error_Handler
 .text.assert_failed
                0x000000000800088a       0x16 build/main.o
                0x000000000800088a                assert_failed
 .text.NMI_Handler
                0x00000000080008a0        0xe build/stm32f4xx_it.o
                0x00000000080008a0                NMI_Handler
 .text.HardFault_Handler
                0x00000000080008ae        0x6 build/stm32f4xx_it.o
                0x00000000080008ae                HardFault_Handler
 .text.MemManage_Handler
                0x00000000080008b4        0x6 build/stm32f4xx_it.o
                0x00000000080008b4                MemManage_Handler
 .text.BusFault_Handler
                0x00000000080008ba        0x6 build/stm32f4xx_it.o
                0x00000000080008ba                BusFault_Handler
 .text.UsageFault_Handler
                0x00000000080008c0        0x6 build/stm32f4xx_it.o
                0x00000000080008c0                UsageFault_Handler
 .text.SVC_Handler
                0x00000000080008c6        0xe build/stm32f4xx_it.o
                0x00000000080008c6                SVC_Handler
 .text.DebugMon_Handler
                0x00000000080008d4        0xe build/stm32f4xx_it.o
                0x00000000080008d4                DebugMon_Handler
 .text.PendSV_Handler
                0x00000000080008e2        0xe build/stm32f4xx_it.o
                0x00000000080008e2                PendSV_Handler
 .text.SysTick_Handler
                0x00000000080008f0        0xc build/stm32f4xx_it.o
                0x00000000080008f0                SysTick_Handler
 .text.EXTI2_IRQHandler
                0x00000000080008fc        0xe build/stm32f4xx_it.o
                0x00000000080008fc                EXTI2_IRQHandler
 .text.EXTI3_IRQHandler
                0x000000000800090a        0xe build/stm32f4xx_it.o
                0x000000000800090a                EXTI3_IRQHandler
 .text.EXTI4_IRQHandler
                0x0000000008000918        0xe build/stm32f4xx_it.o
                0x0000000008000918                EXTI4_IRQHandler
 *fill*         0x0000000008000926        0x2 
 .text.DMA1_Stream5_IRQHandler
                0x0000000008000928       0x14 build/stm32f4xx_it.o
                0x0000000008000928                DMA1_Stream5_IRQHandler
 .text.EXTI9_5_IRQHandler
                0x000000000800093c       0x24 build/stm32f4xx_it.o
                0x000000000800093c                EXTI9_5_IRQHandler
 .text.EXTI15_10_IRQHandler
                0x0000000008000960       0x38 build/stm32f4xx_it.o
                0x0000000008000960                EXTI15_10_IRQHandler
 .text.HAL_MspInit
                0x0000000008000998       0x50 build/stm32f4xx_hal_msp.o
                0x0000000008000998                HAL_MspInit
 .text.HAL_ADC_MspInit
                0x00000000080009e8       0xc0 build/stm32f4xx_hal_msp.o
                0x00000000080009e8                HAL_ADC_MspInit
 .text.HAL_I2C_MspInit
                0x0000000008000aa8       0x90 build/stm32f4xx_hal_msp.o
                0x0000000008000aa8                HAL_I2C_MspInit
 .text.HAL_SPI_MspInit
                0x0000000008000b38       0xf0 build/stm32f4xx_hal_msp.o
                0x0000000008000b38                HAL_SPI_MspInit
 .text.HAL_UART_MspInit
                0x0000000008000c28       0x90 build/stm32f4xx_hal_msp.o
                0x0000000008000c28                HAL_UART_MspInit
 .text.HAL_PCD_MspInit
                0x0000000008000cb8       0xb4 build/stm32f4xx_hal_msp.o
                0x0000000008000cb8                HAL_PCD_MspInit
 .text.HAL_I2C_Init
                0x0000000008000d6c      0x410 build/stm32f4xx_hal_i2c.o
                0x0000000008000d6c                HAL_I2C_Init
 .text.HAL_I2C_MasterTxCpltCallback
                0x000000000800117c       0x14 build/stm32f4xx_hal_i2c.o
                0x000000000800117c                HAL_I2C_MasterTxCpltCallback
 .text.HAL_I2C_MasterRxCpltCallback
                0x0000000008001190       0x14 build/stm32f4xx_hal_i2c.o
                0x0000000008001190                HAL_I2C_MasterRxCpltCallback
 .text.HAL_I2C_SlaveTxCpltCallback
                0x00000000080011a4       0x14 build/stm32f4xx_hal_i2c.o
                0x00000000080011a4                HAL_I2C_SlaveTxCpltCallback
 .text.HAL_I2C_SlaveRxCpltCallback
                0x00000000080011b8       0x14 build/stm32f4xx_hal_i2c.o
                0x00000000080011b8                HAL_I2C_SlaveRxCpltCallback
 .text.HAL_I2C_AddrCallback
                0x00000000080011cc       0x1c build/stm32f4xx_hal_i2c.o
                0x00000000080011cc                HAL_I2C_AddrCallback
 .text.HAL_I2C_ListenCpltCallback
                0x00000000080011e8       0x14 build/stm32f4xx_hal_i2c.o
                0x00000000080011e8                HAL_I2C_ListenCpltCallback
 .text.HAL_I2C_MemTxCpltCallback
                0x00000000080011fc       0x14 build/stm32f4xx_hal_i2c.o
                0x00000000080011fc                HAL_I2C_MemTxCpltCallback
 .text.HAL_I2C_MemRxCpltCallback
                0x0000000008001210       0x14 build/stm32f4xx_hal_i2c.o
                0x0000000008001210                HAL_I2C_MemRxCpltCallback
 .text.HAL_I2C_ErrorCallback
                0x0000000008001224       0x14 build/stm32f4xx_hal_i2c.o
                0x0000000008001224                HAL_I2C_ErrorCallback
 .text.HAL_I2C_AbortCpltCallback
                0x0000000008001238       0x14 build/stm32f4xx_hal_i2c.o
                0x0000000008001238                HAL_I2C_AbortCpltCallback
 .text.HAL_RCC_OscConfig
                0x000000000800124c      0x640 build/stm32f4xx_hal_rcc.o
                0x000000000800124c                HAL_RCC_OscConfig
 .text.HAL_RCC_ClockConfig
                0x000000000800188c      0x31c build/stm32f4xx_hal_rcc.o
                0x000000000800188c                HAL_RCC_ClockConfig
 .text.HAL_RCC_GetSysClockFreq
                0x0000000008001ba8      0x16c build/stm32f4xx_hal_rcc.o
                0x0000000008001ba8                HAL_RCC_GetSysClockFreq
 .text.HAL_RCC_GetHCLKFreq
                0x0000000008001d14       0x18 build/stm32f4xx_hal_rcc.o
                0x0000000008001d14                HAL_RCC_GetHCLKFreq
 .text.HAL_RCC_GetPCLK1Freq
                0x0000000008001d2c       0x28 build/stm32f4xx_hal_rcc.o
                0x0000000008001d2c                HAL_RCC_GetPCLK1Freq
 .text.HAL_RCC_GetPCLK2Freq
                0x0000000008001d54       0x28 build/stm32f4xx_hal_rcc.o
                0x0000000008001d54                HAL_RCC_GetPCLK2Freq
 .text.HAL_GPIO_Init
                0x0000000008001d7c      0x5d8 build/stm32f4xx_hal_gpio.o
                0x0000000008001d7c                HAL_GPIO_Init
 .text.HAL_GPIO_ReadPin
                0x0000000008002354       0x4c build/stm32f4xx_hal_gpio.o
                0x0000000008002354                HAL_GPIO_ReadPin
 .text.HAL_GPIO_WritePin
                0x00000000080023a0       0x64 build/stm32f4xx_hal_gpio.o
                0x00000000080023a0                HAL_GPIO_WritePin
 .text.HAL_GPIO_EXTI_IRQHandler
                0x0000000008002404       0x30 build/stm32f4xx_hal_gpio.o
                0x0000000008002404                HAL_GPIO_EXTI_IRQHandler
 .text.HAL_DMA_Init
                0x0000000008002434      0x438 build/stm32f4xx_hal_dma.o
                0x0000000008002434                HAL_DMA_Init
 .text.HAL_DMA_Start_IT
                0x000000000800286c       0xcc build/stm32f4xx_hal_dma.o
                0x000000000800286c                HAL_DMA_Start_IT
 .text.HAL_DMA_IRQHandler
                0x0000000008002938      0x314 build/stm32f4xx_hal_dma.o
                0x0000000008002938                HAL_DMA_IRQHandler
 .text.DMA_SetConfig
                0x0000000008002c4c       0x5c build/stm32f4xx_hal_dma.o
 .text.DMA_CalcBaseAndBitshift
                0x0000000008002ca8       0x6c build/stm32f4xx_hal_dma.o
 .text.DMA_CheckFifoParam
                0x0000000008002d14       0xf8 build/stm32f4xx_hal_dma.o
 .text.__NVIC_SetPriorityGrouping
                0x0000000008002e0c       0x48 build/stm32f4xx_hal_cortex.o
 .text.__NVIC_GetPriorityGrouping
                0x0000000008002e54       0x1c build/stm32f4xx_hal_cortex.o
 .text.__NVIC_EnableIRQ
                0x0000000008002e70       0x3c build/stm32f4xx_hal_cortex.o
 .text.__NVIC_SetPriority
                0x0000000008002eac       0x54 build/stm32f4xx_hal_cortex.o
 .text.NVIC_EncodePriority
                0x0000000008002f00       0x66 build/stm32f4xx_hal_cortex.o
 *fill*         0x0000000008002f66        0x2 
 .text.SysTick_Config
                0x0000000008002f68       0x44 build/stm32f4xx_hal_cortex.o
 .text.HAL_NVIC_SetPriorityGrouping
                0x0000000008002fac       0x40 build/stm32f4xx_hal_cortex.o
                0x0000000008002fac                HAL_NVIC_SetPriorityGrouping
 .text.HAL_NVIC_SetPriority
                0x0000000008002fec       0x58 build/stm32f4xx_hal_cortex.o
                0x0000000008002fec                HAL_NVIC_SetPriority
 .text.HAL_NVIC_EnableIRQ
                0x0000000008003044       0x30 build/stm32f4xx_hal_cortex.o
                0x0000000008003044                HAL_NVIC_EnableIRQ
 .text.HAL_SYSTICK_Config
                0x0000000008003074       0x18 build/stm32f4xx_hal_cortex.o
                0x0000000008003074                HAL_SYSTICK_Config
 .text.HAL_Init
                0x000000000800308c       0x44 build/stm32f4xx_hal.o
                0x000000000800308c                HAL_Init
 .text.HAL_InitTick
                0x00000000080030d0       0x60 build/stm32f4xx_hal.o
                0x00000000080030d0                HAL_InitTick
 .text.HAL_IncTick
                0x0000000008003130       0x28 build/stm32f4xx_hal.o
                0x0000000008003130                HAL_IncTick
 .text.HAL_GetTick
                0x0000000008003158       0x18 build/stm32f4xx_hal.o
                0x0000000008003158                HAL_GetTick
 .text.HAL_Delay
                0x0000000008003170       0x48 build/stm32f4xx_hal.o
                0x0000000008003170                HAL_Delay
 .text.HAL_PCD_Init
                0x00000000080031b8      0x260 build/stm32f4xx_hal_pcd.o
                0x00000000080031b8                HAL_PCD_Init
 .text.USB_CoreInit
                0x0000000008003418       0xc2 build/stm32f4xx_ll_usb.o
                0x0000000008003418                USB_CoreInit
 .text.USB_DisableGlobalInt
                0x00000000080034da       0x22 build/stm32f4xx_ll_usb.o
                0x00000000080034da                USB_DisableGlobalInt
 .text.USB_SetCurrentMode
                0x00000000080034fc       0x54 build/stm32f4xx_ll_usb.o
                0x00000000080034fc                USB_SetCurrentMode
 .text.USB_DevInit
                0x0000000008003550      0x2c8 build/stm32f4xx_ll_usb.o
                0x0000000008003550                USB_DevInit
 .text.USB_FlushTxFifo
                0x0000000008003818       0x4c build/stm32f4xx_ll_usb.o
                0x0000000008003818                USB_FlushTxFifo
 .text.USB_FlushRxFifo
                0x0000000008003864       0x44 build/stm32f4xx_ll_usb.o
                0x0000000008003864                USB_FlushRxFifo
 .text.USB_SetDevSpeed
                0x00000000080038a8       0x32 build/stm32f4xx_ll_usb.o
                0x00000000080038a8                USB_SetDevSpeed
 .text.USB_DevDisconnect
                0x00000000080038da       0x30 build/stm32f4xx_ll_usb.o
                0x00000000080038da                USB_DevDisconnect
 *fill*         0x000000000800390a        0x2 
 .text.USB_CoreReset
                0x000000000800390c       0x68 build/stm32f4xx_ll_usb.o
 .text.SystemInit
                0x0000000008003974       0x2c build/system_stm32f4xx.o
                0x0000000008003974                SystemInit
 .text.HAL_ADC_Init
                0x00000000080039a0      0x2d8 build/stm32f4xx_hal_adc.o
                0x00000000080039a0                HAL_ADC_Init
 .text.HAL_ADC_ConfigChannel
                0x0000000008003c78      0x2bc build/stm32f4xx_hal_adc.o
                0x0000000008003c78                HAL_ADC_ConfigChannel
 .text.ADC_Init
                0x0000000008003f34      0x214 build/stm32f4xx_hal_adc.o
 .text.HAL_SPI_Init
                0x0000000008004148      0x240 build/stm32f4xx_hal_spi.o
                0x0000000008004148                HAL_SPI_Init
 .text.HAL_SPI_Transmit_DMA
                0x0000000008004388      0x190 build/stm32f4xx_hal_spi.o
                0x0000000008004388                HAL_SPI_Transmit_DMA
 .text.HAL_SPI_TxCpltCallback
                0x0000000008004518       0x14 build/stm32f4xx_hal_spi.o
                0x0000000008004518                HAL_SPI_TxCpltCallback
 .text.HAL_SPI_TxHalfCpltCallback
                0x000000000800452c       0x14 build/stm32f4xx_hal_spi.o
                0x000000000800452c                HAL_SPI_TxHalfCpltCallback
 .text.HAL_SPI_ErrorCallback
                0x0000000008004540       0x14 build/stm32f4xx_hal_spi.o
                0x0000000008004540                HAL_SPI_ErrorCallback
 .text.SPI_DMATransmitCplt
                0x0000000008004554       0xa8 build/stm32f4xx_hal_spi.o
 .text.SPI_DMAHalfTransmitCplt
                0x00000000080045fc       0x1c build/stm32f4xx_hal_spi.o
 .text.SPI_DMAError
                0x0000000008004618       0x40 build/stm32f4xx_hal_spi.o
 .text.SPI_WaitFlagStateUntilTimeout
                0x0000000008004658       0xd4 build/stm32f4xx_hal_spi.o
 .text.SPI_EndRxTxTransaction
                0x000000000800472c       0x84 build/stm32f4xx_hal_spi.o
 .text.HAL_UART_Init
                0x00000000080047b0      0x1a0 build/stm32f4xx_hal_uart.o
                0x00000000080047b0                HAL_UART_Init
 .text.UART_SetConfig
                0x0000000008004950      0x7cc build/stm32f4xx_hal_uart.o
 .text.Reset_Handler
                0x000000000800511c       0x50 build/startup_stm32f407xx.o
                0x000000000800511c                Reset_Handler
 .text.Default_Handler
                0x000000000800516c        0x2 build/startup_stm32f407xx.o
                0x000000000800516c                RTC_Alarm_IRQHandler
                0x000000000800516c                HASH_RNG_IRQHandler
                0x000000000800516c                TIM8_CC_IRQHandler
                0x000000000800516c                TIM1_CC_IRQHandler
                0x000000000800516c                DMA2_Stream5_IRQHandler
                0x000000000800516c                PVD_IRQHandler
                0x000000000800516c                SDIO_IRQHandler
                0x000000000800516c                TAMP_STAMP_IRQHandler
                0x000000000800516c                CAN2_RX1_IRQHandler
                0x000000000800516c                TIM8_TRG_COM_TIM14_IRQHandler
                0x000000000800516c                TIM1_UP_TIM10_IRQHandler
                0x000000000800516c                TIM8_UP_TIM13_IRQHandler
                0x000000000800516c                I2C3_ER_IRQHandler
                0x000000000800516c                EXTI0_IRQHandler
                0x000000000800516c                I2C2_EV_IRQHandler
                0x000000000800516c                DMA1_Stream2_IRQHandler
                0x000000000800516c                CAN1_RX0_IRQHandler
                0x000000000800516c                FPU_IRQHandler
                0x000000000800516c                OTG_HS_WKUP_IRQHandler
                0x000000000800516c                CAN2_SCE_IRQHandler
                0x000000000800516c                DMA2_Stream2_IRQHandler
                0x000000000800516c                SPI1_IRQHandler
                0x000000000800516c                TIM6_DAC_IRQHandler
                0x000000000800516c                TIM1_BRK_TIM9_IRQHandler
                0x000000000800516c                DCMI_IRQHandler
                0x000000000800516c                CAN2_RX0_IRQHandler
                0x000000000800516c                DMA2_Stream3_IRQHandler
                0x000000000800516c                USART6_IRQHandler
                0x000000000800516c                USART3_IRQHandler
                0x000000000800516c                CAN1_RX1_IRQHandler
                0x000000000800516c                UART5_IRQHandler
                0x000000000800516c                DMA2_Stream0_IRQHandler
                0x000000000800516c                TIM4_IRQHandler
                0x000000000800516c                I2C1_EV_IRQHandler
                0x000000000800516c                DMA1_Stream6_IRQHandler
                0x000000000800516c                DMA1_Stream1_IRQHandler
                0x000000000800516c                UART4_IRQHandler
                0x000000000800516c                TIM3_IRQHandler
                0x000000000800516c                RCC_IRQHandler
                0x000000000800516c                TIM8_BRK_TIM12_IRQHandler
                0x000000000800516c                Default_Handler
                0x000000000800516c                ADC_IRQHandler
                0x000000000800516c                DMA1_Stream7_IRQHandler
                0x000000000800516c                TIM7_IRQHandler
                0x000000000800516c                CAN2_TX_IRQHandler
                0x000000000800516c                TIM5_IRQHandler
                0x000000000800516c                DMA2_Stream7_IRQHandler
                0x000000000800516c                I2C3_EV_IRQHandler
                0x000000000800516c                RTC_WKUP_IRQHandler
                0x000000000800516c                ETH_WKUP_IRQHandler
                0x000000000800516c                SPI2_IRQHandler
                0x000000000800516c                OTG_HS_EP1_IN_IRQHandler
                0x000000000800516c                DMA1_Stream0_IRQHandler
                0x000000000800516c                CAN1_TX_IRQHandler
                0x000000000800516c                FSMC_IRQHandler
                0x000000000800516c                ETH_IRQHandler
                0x000000000800516c                OTG_HS_EP1_OUT_IRQHandler
                0x000000000800516c                WWDG_IRQHandler
                0x000000000800516c                TIM2_IRQHandler
                0x000000000800516c                OTG_FS_WKUP_IRQHandler
                0x000000000800516c                TIM1_TRG_COM_TIM11_IRQHandler
                0x000000000800516c                OTG_HS_IRQHandler
                0x000000000800516c                EXTI1_IRQHandler
                0x000000000800516c                USART2_IRQHandler
                0x000000000800516c                I2C2_ER_IRQHandler
                0x000000000800516c                DMA2_Stream1_IRQHandler
                0x000000000800516c                CAN1_SCE_IRQHandler
                0x000000000800516c                FLASH_IRQHandler
                0x000000000800516c                DMA2_Stream4_IRQHandler
                0x000000000800516c                USART1_IRQHandler
                0x000000000800516c                OTG_FS_IRQHandler
                0x000000000800516c                SPI3_IRQHandler
                0x000000000800516c                DMA1_Stream4_IRQHandler
                0x000000000800516c                I2C1_ER_IRQHandler
                0x000000000800516c                DMA2_Stream6_IRQHandler
                0x000000000800516c                DMA1_Stream3_IRQHandler
 .text._ZN4otto3mcu7GpioPin4initENS1_4ModeENS1_4PullENS1_5SpeedE
                0x000000000800516e       0x48 build/main.cpp.o
                0x000000000800516e                otto::mcu::GpioPin::init(otto::mcu::GpioPin::Mode, otto::mcu::GpioPin::Pull, otto::mcu::GpioPin::Speed)
 .text._ZNK4otto3mcu7GpioPin4readEv
                0x00000000080051b6       0x4c build/main.cpp.o
                0x00000000080051b6                otto::mcu::GpioPin::read() const
 .text._ZNK4otto3mcu7GpioPin5writeEb
                0x0000000008005202       0x40 build/main.cpp.o
                0x0000000008005202                otto::mcu::GpioPin::write(bool) const
 .text._ZN4otto3mcu7EncoderC2ENS0_7GpioPinES2_
                0x0000000008005242       0x4a build/main.cpp.o
                0x0000000008005242                otto::mcu::Encoder::Encoder(otto::mcu::GpioPin, otto::mcu::GpioPin)
                0x0000000008005242                otto::mcu::Encoder::Encoder(otto::mcu::GpioPin, otto::mcu::GpioPin)
 .text._ZN4otto3mcu7Encoder4initEv
                0x000000000800528c       0x30 build/main.cpp.o
                0x000000000800528c                otto::mcu::Encoder::init()
 .text._ZN4otto3mcu7Encoder11irq_checkedEt
                0x00000000080052bc       0x26 build/main.cpp.o
                0x00000000080052bc                otto::mcu::Encoder::irq_checked(unsigned short)
 .text._ZN4otto3mcu7Encoder3irqEv
                0x00000000080052e2       0x70 build/main.cpp.o
                0x00000000080052e2                otto::mcu::Encoder::irq()
 .text._ZnwjPv  0x0000000008005352       0x18 build/main.cpp.o
                0x0000000008005352                operator new(unsigned int, void*)
 .text._ZN4otto4util12local_vectorINS_3mcu9Scheduler4TaskELj1024EE8capacityEv
                0x000000000800536a       0x12 build/main.cpp.o
                0x000000000800536a                otto::util::local_vector<otto::mcu::Scheduler::Task, 1024u>::capacity()
 .text._ZNK4otto3mcu9Scheduler4TaskgtERKS2_
                0x000000000800537c       0x28 build/main.cpp.o
                0x000000000800537c                otto::mcu::Scheduler::Task::operator>(otto::mcu::Scheduler::Task const&) const
 .text._ZN4otto3mcu9Scheduler4TaskD2Ev
                0x00000000080053a4       0x1a build/main.cpp.o
                0x00000000080053a4                otto::mcu::Scheduler::Task::~Task()
                0x00000000080053a4                otto::mcu::Scheduler::Task::~Task()
 *fill*         0x00000000080053be        0x2 
 .text._ZN4otto3mcu9Scheduler4execEv
                0x00000000080053c0       0xac build/main.cpp.o
                0x00000000080053c0                otto::mcu::Scheduler::exec()
 .text._ZN4otto3mcu9Scheduler8scheduleE19fixed_size_functionIFvvELj64EL14construct_type2EEmm
                0x000000000800546c       0x50 build/main.cpp.o
                0x000000000800546c                otto::mcu::Scheduler::schedule(fixed_size_function<void (), 64u, (construct_type)2>, unsigned long, unsigned long)
 .text._ZN4otto4util12local_vectorINS_3mcu9Scheduler4TaskELj1024EE5beginEv
                0x00000000080054bc       0x18 build/main.cpp.o
                0x00000000080054bc                otto::util::local_vector<otto::mcu::Scheduler::Task, 1024u>::begin()
 .text._ZN4otto4util12local_vectorINS_3mcu9Scheduler4TaskELj1024EE3endEv
                0x00000000080054d4       0x2a build/main.cpp.o
                0x00000000080054d4                otto::util::local_vector<otto::mcu::Scheduler::Task, 1024u>::end()
 .text._ZN4otto3mcu9Scheduler4TaskC2EOS2_
                0x00000000080054fe       0x30 build/main.cpp.o
                0x00000000080054fe                otto::mcu::Scheduler::Task::Task(otto::mcu::Scheduler::Task&&)
                0x00000000080054fe                otto::mcu::Scheduler::Task::Task(otto::mcu::Scheduler::Task&&)
 .text._ZNK4otto4util12local_vectorINS_3mcu9Scheduler4TaskELj1024EE4sizeEv
                0x000000000800552e       0x1c build/main.cpp.o
                0x000000000800552e                otto::util::local_vector<otto::mcu::Scheduler::Task, 1024u>::size() const
 .text._ZNK4otto4util12local_vectorINS_3mcu9Scheduler4TaskELj1024EE5emptyEv
                0x000000000800554a       0x22 build/main.cpp.o
                0x000000000800554a                otto::util::local_vector<otto::mcu::Scheduler::Task, 1024u>::empty() const
 .text._ZN2tl6detail24expected_operations_baseIvN4otto4util12local_vectorINS2_3mcu9Scheduler4TaskELj1024EE5errorEEC2Ev
                0x000000000800556c       0x1a build/main.cpp.o
                0x000000000800556c                tl::detail::expected_operations_base<void, otto::util::local_vector<otto::mcu::Scheduler::Task, 1024u>::error>::expected_operations_base()
                0x000000000800556c                tl::detail::expected_operations_base<void, otto::util::local_vector<otto::mcu::Scheduler::Task, 1024u>::error>::expected_operations_base()
 .text._ZN2tl6detail18expected_copy_baseIvN4otto4util12local_vectorINS2_3mcu9Scheduler4TaskELj1024EE5errorELb1EEC2Ev
                0x0000000008005586       0x1a build/main.cpp.o
                0x0000000008005586                tl::detail::expected_copy_base<void, otto::util::local_vector<otto::mcu::Scheduler::Task, 1024u>::error, true>::expected_copy_base()
                0x0000000008005586                tl::detail::expected_copy_base<void, otto::util::local_vector<otto::mcu::Scheduler::Task, 1024u>::error, true>::expected_copy_base()
 .text._ZN2tl6detail18expected_move_baseIvN4otto4util12local_vectorINS2_3mcu9Scheduler4TaskELj1024EE5errorELb1EEC2Ev
                0x00000000080055a0       0x1a build/main.cpp.o
                0x00000000080055a0                tl::detail::expected_move_base<void, otto::util::local_vector<otto::mcu::Scheduler::Task, 1024u>::error, true>::expected_move_base()
                0x00000000080055a0                tl::detail::expected_move_base<void, otto::util::local_vector<otto::mcu::Scheduler::Task, 1024u>::error, true>::expected_move_base()
 .text._ZN2tl6detail25expected_copy_assign_baseIvN4otto4util12local_vectorINS2_3mcu9Scheduler4TaskELj1024EE5errorELb1EEC2Ev
                0x00000000080055ba       0x1a build/main.cpp.o
                0x00000000080055ba                tl::detail::expected_copy_assign_base<void, otto::util::local_vector<otto::mcu::Scheduler::Task, 1024u>::error, true>::expected_copy_assign_base()
                0x00000000080055ba                tl::detail::expected_copy_assign_base<void, otto::util::local_vector<otto::mcu::Scheduler::Task, 1024u>::error, true>::expected_copy_assign_base()
 .text._ZN2tl6detail25expected_move_assign_baseIvN4otto4util12local_vectorINS2_3mcu9Scheduler4TaskELj1024EE5errorELb1EEC2Ev
                0x00000000080055d4       0x1a build/main.cpp.o
                0x00000000080055d4                tl::detail::expected_move_assign_base<void, otto::util::local_vector<otto::mcu::Scheduler::Task, 1024u>::error, true>::expected_move_assign_base()
                0x00000000080055d4                tl::detail::expected_move_assign_base<void, otto::util::local_vector<otto::mcu::Scheduler::Task, 1024u>::error, true>::expected_move_assign_base()
 .text._ZN2tl8expectedIvN4otto4util12local_vectorINS1_3mcu9Scheduler4TaskELj1024EE5errorEEC2Ev
                0x00000000080055ee       0x1a build/main.cpp.o
                0x00000000080055ee                tl::expected<void, otto::util::local_vector<otto::mcu::Scheduler::Task, 1024u>::error>::expected()
                0x00000000080055ee                tl::expected<void, otto::util::local_vector<otto::mcu::Scheduler::Task, 1024u>::error>::expected()
 .text._ZN4otto4util12local_vectorINS_3mcu9Scheduler4TaskELj1024EE8pop_backEv
                0x0000000008005608       0x82 build/main.cpp.o
                0x0000000008005608                otto::util::local_vector<otto::mcu::Scheduler::Task, 1024u>::pop_back()
 .text._ZN4otto3mcu9Scheduler3popEv
                0x000000000800568a       0x5a build/main.cpp.o
                0x000000000800568a                otto::mcu::Scheduler::pop()
 .text._ZNK4otto4util12local_vectorINS_3mcu9Scheduler4TaskELj1024EE4fullEv
                0x00000000080056e4       0x28 build/main.cpp.o
                0x00000000080056e4                otto::util::local_vector<otto::mcu::Scheduler::Task, 1024u>::full() const
 .text._ZN4otto4util12local_vectorINS_3mcu9Scheduler4TaskELj1024EE12emplace_backIJS4_EvEEN2tl8expectedIPS4_NS5_5errorEEEDpOT_
                0x000000000800570c       0x9e build/main.cpp.o
                0x000000000800570c                tl::expected<otto::mcu::Scheduler::Task*, otto::util::local_vector<otto::mcu::Scheduler::Task, 1024u>::error> otto::util::local_vector<otto::mcu::Scheduler::Task, 1024u>::emplace_back<otto::mcu::Scheduler::Task, void>(otto::mcu::Scheduler::Task&&)
 .text._ZN4otto3mcu9Scheduler4pushEONS1_4TaskE
                0x00000000080057aa       0x46 build/main.cpp.o
                0x00000000080057aa                otto::mcu::Scheduler::push(otto::mcu::Scheduler::Task&&)
 .text._ZNSt14__array_traitsISt5arrayIhLj4EELj256EE6_S_refERA256_KS1_j
                0x00000000080057f0       0x1e build/main.cpp.o
                0x00000000080057f0                std::__array_traits<std::array<unsigned char, 4u>, 256u>::_S_ref(std::array<unsigned char, 4u> const (&) [256], unsigned int)
 .text._ZNSt5arrayIhLj4EEixEj
                0x000000000800580e       0x1e build/main.cpp.o
                0x000000000800580e                std::array<unsigned char, 4u>::operator[](unsigned int)
 .text._ZNSt14__array_traitsIhLj4EE6_S_refERA4_Khj
                0x000000000800582c       0x1c build/main.cpp.o
                0x000000000800582c                std::__array_traits<unsigned char, 4u>::_S_ref(unsigned char const (&) [4], unsigned int)
 .text._ZZN4otto3mcu7ws2812b17byte_from_mappingESt5arrayIhLj4EEENKUlvE_clEv
                0x0000000008005848       0x50 build/main.cpp.o
                0x0000000008005848                otto::mcu::ws2812b::byte_from_mapping(std::array<unsigned char, 4u>)::{lambda()#1}::operator()() const
 .text._ZN4otto3mcu7ws2812b17byte_from_mappingESt5arrayIhLj4EE
                0x0000000008005898       0x5a build/main.cpp.o
                0x0000000008005898                otto::mcu::ws2812b::byte_from_mapping(std::array<unsigned char, 4u>)
 .text._ZN4otto3mcu7ws2812b8RGBColoreqERKS2_
                0x00000000080058f2       0x40 build/main.cpp.o
                0x00000000080058f2                otto::mcu::ws2812b::RGBColor::operator==(otto::mcu::ws2812b::RGBColor const&)
 .text._ZN4otto3mcu7ws2812b10Ws2812bRefC2EPhRb
                0x0000000008005932       0x26 build/main.cpp.o
                0x0000000008005932                otto::mcu::ws2812b::Ws2812bRef::Ws2812bRef(unsigned char*, bool&)
                0x0000000008005932                otto::mcu::ws2812b::Ws2812bRef::Ws2812bRef(unsigned char*, bool&)
 .text._ZN4otto4util9algorithm4copyIRKSt5arrayIhLj4EERPhEEDcOT_OT0_
                0x0000000008005958       0x38 build/main.cpp.o
                0x0000000008005958                decltype(auto) otto::util::algorithm::copy<std::array<unsigned char, 4u> const&, unsigned char*&>(std::array<unsigned char, 4u> const&, unsigned char*&)
 .text._ZN4otto3mcu7ws2812b10Ws2812bRefaSENS1_8RGBColorE
                0x0000000008005990       0xac build/main.cpp.o
                0x0000000008005990                otto::mcu::ws2812b::Ws2812bRef::operator=(otto::mcu::ws2812b::RGBColor)
 .text._ZN4otto3mcu7ws2812b10Ws2812bRefcvNS1_8RGBColorEEv
                0x0000000008005a3c       0xa2 build/main.cpp.o
                0x0000000008005a3c                otto::mcu::ws2812b::Ws2812bRef::operator otto::mcu::ws2812b::RGBColor()
 .text._ZN4otto3mcu9SchedulerD2Ev
                0x0000000008005ade       0x1a build/main.cpp.o
                0x0000000008005ade                otto::mcu::Scheduler::~Scheduler()
                0x0000000008005ade                otto::mcu::Scheduler::~Scheduler()
 .text._ZZ13test_encodersvENKUlvE_clEv
                0x0000000008005af8       0x70 build/main.cpp.o
 .text._ZZ13test_encodersvENUlvE_4_FUNEv
                0x0000000008005b68        0xc build/main.cpp.o
 .text._ZZ13test_encodersvENKUlvE_cvPFvvEEv
                0x0000000008005b74       0x1c build/main.cpp.o
 .text._ZZ13test_encodersvENKUlvE0_clEv
                0x0000000008005b90       0x70 build/main.cpp.o
 .text._ZZ13test_encodersvENUlvE0_4_FUNEv
                0x0000000008005c00        0xc build/main.cpp.o
 .text._ZZ13test_encodersvENKUlvE0_cvPFvvEEv
                0x0000000008005c0c       0x1c build/main.cpp.o
 .text._ZZ13test_encodersvENKUlvE1_clEv
                0x0000000008005c28       0x78 build/main.cpp.o
 .text._ZZ13test_encodersvENUlvE1_4_FUNEv
                0x0000000008005ca0        0xc build/main.cpp.o
 .text._ZZ13test_encodersvENKUlvE1_cvPFvvEEv
                0x0000000008005cac       0x1c build/main.cpp.o
 .text._ZZ13test_encodersvENKUlvE2_clEv
                0x0000000008005cc8       0x70 build/main.cpp.o
 .text._ZZ13test_encodersvENUlvE2_4_FUNEv
                0x0000000008005d38        0xc build/main.cpp.o
 .text._ZZ13test_encodersvENKUlvE2_cvPFvvEEv
                0x0000000008005d44       0x1c build/main.cpp.o
 .text._Z13test_encodersv
                0x0000000008005d60       0x5c build/main.cpp.o
                0x0000000008005d60                test_encoders()
 .text._ZN4otto3mcu5power13state_changedEv
                0x0000000008005dbc       0x3c build/main.cpp.o
                0x0000000008005dbc                otto::mcu::power::state_changed()
 .text._ZN4otto3mcu5power4pollEv
                0x0000000008005df8       0x38 build/main.cpp.o
                0x0000000008005df8                otto::mcu::power::poll()
 .text._ZN4otto3mcu5power4initEv
                0x0000000008005e30       0x4c build/main.cpp.o
                0x0000000008005e30                otto::mcu::power::init()
 .text.HAL_GPIO_EXTI_Callback
                0x0000000008005e7c       0x4c build/main.cpp.o
                0x0000000008005e7c                HAL_GPIO_EXTI_Callback
 .text._ZZ14OTTO_main_loopENKUlvE_clEv
                0x0000000008005ec8       0x1c build/main.cpp.o
 .text.OTTO_main_loop
                0x0000000008005ee4       0x78 build/main.cpp.o
                0x0000000008005ee4                OTTO_main_loop
 .text._ZN4otto4util12local_vectorINS_3mcu9Scheduler4TaskELj1024EE5frontEv
                0x0000000008005f5c       0x18 build/main.cpp.o
                0x0000000008005f5c                otto::util::local_vector<otto::mcu::Scheduler::Task, 1024u>::front()
 .text._ZN19fixed_size_functionIFvvELj64EL14construct_type2EED2Ev
                0x0000000008005f74       0x18 build/main.cpp.o
                0x0000000008005f74                fixed_size_function<void (), 64u, (construct_type)2>::~fixed_size_function()
                0x0000000008005f74                fixed_size_function<void (), 64u, (construct_type)2>::~fixed_size_function()
 .text._ZNK19fixed_size_functionIFvvELj64EL14construct_type2EEcvbEv
                0x0000000008005f8c       0x22 build/main.cpp.o
                0x0000000008005f8c                fixed_size_function<void (), 64u, (construct_type)2>::operator bool() const
 .text._ZN19fixed_size_functionIFvvELj64EL14construct_type2EEclEv
                0x0000000008005fae       0x1c build/main.cpp.o
                0x0000000008005fae                fixed_size_function<void (), 64u, (construct_type)2>::operator()()
 .text._ZSt4moveIRN4otto3mcu9Scheduler4TaskEEONSt16remove_referenceIT_E4typeEOS6_
                0x0000000008005fca       0x16 build/main.cpp.o
                0x0000000008005fca                std::remove_reference<otto::mcu::Scheduler::Task&>::type&& std::move<otto::mcu::Scheduler::Task&>(otto::mcu::Scheduler::Task&)
 .text._ZSt4moveIR19fixed_size_functionIFvvELj64EL14construct_type2EEEONSt16remove_referenceIT_E4typeEOS6_
                0x0000000008005fe0       0x16 build/main.cpp.o
                0x0000000008005fe0                std::remove_reference<fixed_size_function<void (), 64u, (construct_type)2>&>::type&& std::move<fixed_size_function<void (), 64u, (construct_type)2>&>(fixed_size_function<void (), 64u, (construct_type)2>&)
 .text._ZN7details26fixed_function_vtable_baseIvJEEC2Ev
                0x0000000008005ff6       0x22 build/main.cpp.o
                0x0000000008005ff6                details::fixed_function_vtable_base<void>::fixed_function_vtable_base()
                0x0000000008005ff6                details::fixed_function_vtable_base<void>::fixed_function_vtable_base()
 .text._ZN7details21fixed_function_vtableIL14construct_type2EvJEEC2Ev
                0x0000000008006018       0x20 build/main.cpp.o
                0x0000000008006018                details::fixed_function_vtable<(construct_type)2, void>::fixed_function_vtable()
                0x0000000008006018                details::fixed_function_vtable<(construct_type)2, void>::fixed_function_vtable()
 .text._ZN19fixed_size_functionIFvvELj64EL14construct_type2EEC2EOS2_
                0x0000000008006038       0x2c build/main.cpp.o
                0x0000000008006038                fixed_size_function<void (), 64u, (construct_type)2>::fixed_size_function(fixed_size_function<void (), 64u, (construct_type)2>&&)
                0x0000000008006038                fixed_size_function<void (), 64u, (construct_type)2>::fixed_size_function(fixed_size_function<void (), 64u, (construct_type)2>&&)
 .text._ZN4otto4util12local_vectorINS_3mcu9Scheduler4TaskELj1024EE4dataEv
                0x0000000008006064       0x1a build/main.cpp.o
                0x0000000008006064                otto::util::local_vector<otto::mcu::Scheduler::Task, 1024u>::data()
 .text._ZSt4moveIRSt7greaterIN4otto3mcu9Scheduler4TaskEEEONSt16remove_referenceIT_E4typeEOS8_
                0x000000000800607e       0x16 build/main.cpp.o
                0x000000000800607e                std::remove_reference<std::greater<otto::mcu::Scheduler::Task>&>::type&& std::move<std::greater<otto::mcu::Scheduler::Task>&>(std::greater<otto::mcu::Scheduler::Task>&)
 .text._ZSt8pop_heapIPN4otto3mcu9Scheduler4TaskESt7greaterIS3_EEvT_S7_T0_
                0x0000000008006094       0x32 build/main.cpp.o
                0x0000000008006094                void std::pop_heap<otto::mcu::Scheduler::Task*, std::greater<otto::mcu::Scheduler::Task> >(otto::mcu::Scheduler::Task*, otto::mcu::Scheduler::Task*, std::greater<otto::mcu::Scheduler::Task>)
 .text._ZN4otto4util12local_vectorINS_3mcu9Scheduler4TaskELj1024EE4backEv
                0x00000000080060c6       0x2c build/main.cpp.o
                0x00000000080060c6                otto::util::local_vector<otto::mcu::Scheduler::Task, 1024u>::back()
 .text._ZN2tl10unexpectedIN4otto4util12local_vectorINS1_3mcu9Scheduler4TaskELj1024EE5errorEEC2EOS8_
                0x00000000080060f2       0x22 build/main.cpp.o
                0x00000000080060f2                tl::unexpected<otto::util::local_vector<otto::mcu::Scheduler::Task, 1024u>::error>::unexpected(otto::util::local_vector<otto::mcu::Scheduler::Task, 1024u>::error&&)
                0x00000000080060f2                tl::unexpected<otto::util::local_vector<otto::mcu::Scheduler::Task, 1024u>::error>::unexpected(otto::util::local_vector<otto::mcu::Scheduler::Task, 1024u>::error&&)
 .text._ZN2tl6detail24expected_operations_baseIvN4otto4util12local_vectorINS2_3mcu9Scheduler4TaskELj1024EE5errorEECI2NS0_21expected_storage_baseIvS9_Lb0ELb1EEEIJS9_ELPv0EEENS_10unexpect_tEDpOT_
                0x0000000008006114       0x22 build/main.cpp.o
                0x0000000008006114                tl::detail::expected_operations_base<void, otto::util::local_vector<otto::mcu::Scheduler::Task, 1024u>::error>::expected_storage_base<otto::util::local_vector<otto::mcu::Scheduler::Task, 1024u>::error, (void*)0>(tl::unexpect_t, otto::util::local_vector<otto::mcu::Scheduler::Task, 1024u>::error&&)
                0x0000000008006114                tl::detail::expected_operations_base<void, otto::util::local_vector<otto::mcu::Scheduler::Task, 1024u>::error>::expected_storage_base<otto::util::local_vector<otto::mcu::Scheduler::Task, 1024u>::error, (void*)0>(tl::unexpect_t, otto::util::local_vector<otto::mcu::Scheduler::Task, 1024u>::error&&)
 .text._ZN2tl6detail18expected_copy_baseIvN4otto4util12local_vectorINS2_3mcu9Scheduler4TaskELj1024EE5errorELb1EECI2NS0_21expected_storage_baseIvS9_Lb0ELb1EEEIJS9_ELPv0EEENS_10unexpect_tEDpOT_
                0x0000000008006136       0x22 build/main.cpp.o
                0x0000000008006136                tl::detail::expected_copy_base<void, otto::util::local_vector<otto::mcu::Scheduler::Task, 1024u>::error, true>::expected_storage_base<otto::util::local_vector<otto::mcu::Scheduler::Task, 1024u>::error, (void*)0>(tl::unexpect_t, otto::util::local_vector<otto::mcu::Scheduler::Task, 1024u>::error&&)
                0x0000000008006136                tl::detail::expected_copy_base<void, otto::util::local_vector<otto::mcu::Scheduler::Task, 1024u>::error, true>::expected_storage_base<otto::util::local_vector<otto::mcu::Scheduler::Task, 1024u>::error, (void*)0>(tl::unexpect_t, otto::util::local_vector<otto::mcu::Scheduler::Task, 1024u>::error&&)
 .text._ZN2tl6detail18expected_move_baseIvN4otto4util12local_vectorINS2_3mcu9Scheduler4TaskELj1024EE5errorELb1EECI2NS0_21expected_storage_baseIvS9_Lb0ELb1EEEIJS9_ELPv0EEENS_10unexpect_tEDpOT_
                0x0000000008006158       0x22 build/main.cpp.o
                0x0000000008006158                tl::detail::expected_move_base<void, otto::util::local_vector<otto::mcu::Scheduler::Task, 1024u>::error, true>::expected_storage_base<otto::util::local_vector<otto::mcu::Scheduler::Task, 1024u>::error, (void*)0>(tl::unexpect_t, otto::util::local_vector<otto::mcu::Scheduler::Task, 1024u>::error&&)
                0x0000000008006158                tl::detail::expected_move_base<void, otto::util::local_vector<otto::mcu::Scheduler::Task, 1024u>::error, true>::expected_storage_base<otto::util::local_vector<otto::mcu::Scheduler::Task, 1024u>::error, (void*)0>(tl::unexpect_t, otto::util::local_vector<otto::mcu::Scheduler::Task, 1024u>::error&&)
 .text._ZN2tl6detail25expected_copy_assign_baseIvN4otto4util12local_vectorINS2_3mcu9Scheduler4TaskELj1024EE5errorELb1EECI2NS0_21expected_storage_baseIvS9_Lb0ELb1EEEIJS9_ELPv0EEENS_10unexpect_tEDpOT_
                0x000000000800617a       0x22 build/main.cpp.o
                0x000000000800617a                tl::detail::expected_copy_assign_base<void, otto::util::local_vector<otto::mcu::Scheduler::Task, 1024u>::error, true>::expected_storage_base<otto::util::local_vector<otto::mcu::Scheduler::Task, 1024u>::error, (void*)0>(tl::unexpect_t, otto::util::local_vector<otto::mcu::Scheduler::Task, 1024u>::error&&)
                0x000000000800617a                tl::detail::expected_copy_assign_base<void, otto::util::local_vector<otto::mcu::Scheduler::Task, 1024u>::error, true>::expected_storage_base<otto::util::local_vector<otto::mcu::Scheduler::Task, 1024u>::error, (void*)0>(tl::unexpect_t, otto::util::local_vector<otto::mcu::Scheduler::Task, 1024u>::error&&)
 .text._ZN2tl6detail25expected_move_assign_baseIvN4otto4util12local_vectorINS2_3mcu9Scheduler4TaskELj1024EE5errorELb1EECI2NS0_21expected_storage_baseIvS9_Lb0ELb1EEEIJS9_ELPv0EEENS_10unexpect_tEDpOT_
                0x000000000800619c       0x22 build/main.cpp.o
                0x000000000800619c                tl::detail::expected_move_assign_base<void, otto::util::local_vector<otto::mcu::Scheduler::Task, 1024u>::error, true>::expected_storage_base<otto::util::local_vector<otto::mcu::Scheduler::Task, 1024u>::error, (void*)0>(tl::unexpect_t, otto::util::local_vector<otto::mcu::Scheduler::Task, 1024u>::error&&)
                0x000000000800619c                tl::detail::expected_move_assign_base<void, otto::util::local_vector<otto::mcu::Scheduler::Task, 1024u>::error, true>::expected_storage_base<otto::util::local_vector<otto::mcu::Scheduler::Task, 1024u>::error, (void*)0>(tl::unexpect_t, otto::util::local_vector<otto::mcu::Scheduler::Task, 1024u>::error&&)
 .text._ZN2tl8expectedIvN4otto4util12local_vectorINS1_3mcu9Scheduler4TaskELj1024EE5errorEEC2IS8_LPv0ELSB_0EEEONS_10unexpectedIT_EE
                0x00000000080061be       0x38 build/main.cpp.o
                0x00000000080061be                tl::expected<void, otto::util::local_vector<otto::mcu::Scheduler::Task, 1024u>::error>::expected<otto::util::local_vector<otto::mcu::Scheduler::Task, 1024u>::error, (void*)0, (void*)0>(tl::unexpected<otto::util::local_vector<otto::mcu::Scheduler::Task, 1024u>::error>&&)
                0x00000000080061be                tl::expected<void, otto::util::local_vector<otto::mcu::Scheduler::Task, 1024u>::error>::expected<otto::util::local_vector<otto::mcu::Scheduler::Task, 1024u>::error, (void*)0, (void*)0>(tl::unexpected<otto::util::local_vector<otto::mcu::Scheduler::Task, 1024u>::error>&&)
 .text._ZN2tl6detail21expected_storage_baseIvN4otto4util12local_vectorINS2_3mcu9Scheduler4TaskELj1024EE5errorELb0ELb1EEC2Ev
                0x00000000080061f6       0x1c build/main.cpp.o
                0x00000000080061f6                tl::detail::expected_storage_base<void, otto::util::local_vector<otto::mcu::Scheduler::Task, 1024u>::error, false, true>::expected_storage_base()
                0x00000000080061f6                tl::detail::expected_storage_base<void, otto::util::local_vector<otto::mcu::Scheduler::Task, 1024u>::error, false, true>::expected_storage_base()
 .text._ZN2tl6detail24expected_operations_baseIPN4otto3mcu9Scheduler4TaskENS2_4util12local_vectorIS5_Lj1024EE5errorEECI2NS0_21expected_storage_baseIS6_SA_Lb1ELb1EEEIJSA_ELPv0EEENS_10unexpect_tEDpOT_
                0x0000000008006212       0x22 build/main.cpp.o
                0x0000000008006212                tl::detail::expected_operations_base<otto::mcu::Scheduler::Task*, otto::util::local_vector<otto::mcu::Scheduler::Task, 1024u>::error>::expected_storage_base<otto::util::local_vector<otto::mcu::Scheduler::Task, 1024u>::error, (void*)0>(tl::unexpect_t, otto::util::local_vector<otto::mcu::Scheduler::Task, 1024u>::error&&)
                0x0000000008006212                tl::detail::expected_operations_base<otto::mcu::Scheduler::Task*, otto::util::local_vector<otto::mcu::Scheduler::Task, 1024u>::error>::expected_storage_base<otto::util::local_vector<otto::mcu::Scheduler::Task, 1024u>::error, (void*)0>(tl::unexpect_t, otto::util::local_vector<otto::mcu::Scheduler::Task, 1024u>::error&&)
 .text._ZN2tl6detail18expected_copy_baseIPN4otto3mcu9Scheduler4TaskENS2_4util12local_vectorIS5_Lj1024EE5errorELb1EECI2NS0_21expected_storage_baseIS6_SA_Lb1ELb1EEEIJSA_ELPv0EEENS_10unexpect_tEDpOT_
                0x0000000008006234       0x22 build/main.cpp.o
                0x0000000008006234                tl::detail::expected_copy_base<otto::mcu::Scheduler::Task*, otto::util::local_vector<otto::mcu::Scheduler::Task, 1024u>::error, true>::expected_storage_base<otto::util::local_vector<otto::mcu::Scheduler::Task, 1024u>::error, (void*)0>(tl::unexpect_t, otto::util::local_vector<otto::mcu::Scheduler::Task, 1024u>::error&&)
                0x0000000008006234                tl::detail::expected_copy_base<otto::mcu::Scheduler::Task*, otto::util::local_vector<otto::mcu::Scheduler::Task, 1024u>::error, true>::expected_storage_base<otto::util::local_vector<otto::mcu::Scheduler::Task, 1024u>::error, (void*)0>(tl::unexpect_t, otto::util::local_vector<otto::mcu::Scheduler::Task, 1024u>::error&&)
 .text._ZN2tl6detail18expected_move_baseIPN4otto3mcu9Scheduler4TaskENS2_4util12local_vectorIS5_Lj1024EE5errorELb1EECI2NS0_21expected_storage_baseIS6_SA_Lb1ELb1EEEIJSA_ELPv0EEENS_10unexpect_tEDpOT_
                0x0000000008006256       0x22 build/main.cpp.o
                0x0000000008006256                tl::detail::expected_move_base<otto::mcu::Scheduler::Task*, otto::util::local_vector<otto::mcu::Scheduler::Task, 1024u>::error, true>::expected_storage_base<otto::util::local_vector<otto::mcu::Scheduler::Task, 1024u>::error, (void*)0>(tl::unexpect_t, otto::util::local_vector<otto::mcu::Scheduler::Task, 1024u>::error&&)
                0x0000000008006256                tl::detail::expected_move_base<otto::mcu::Scheduler::Task*, otto::util::local_vector<otto::mcu::Scheduler::Task, 1024u>::error, true>::expected_storage_base<otto::util::local_vector<otto::mcu::Scheduler::Task, 1024u>::error, (void*)0>(tl::unexpect_t, otto::util::local_vector<otto::mcu::Scheduler::Task, 1024u>::error&&)
 .text._ZN2tl6detail25expected_copy_assign_baseIPN4otto3mcu9Scheduler4TaskENS2_4util12local_vectorIS5_Lj1024EE5errorELb1EECI2NS0_21expected_storage_baseIS6_SA_Lb1ELb1EEEIJSA_ELPv0EEENS_10unexpect_tEDpOT_
                0x0000000008006278       0x22 build/main.cpp.o
                0x0000000008006278                tl::detail::expected_copy_assign_base<otto::mcu::Scheduler::Task*, otto::util::local_vector<otto::mcu::Scheduler::Task, 1024u>::error, true>::expected_storage_base<otto::util::local_vector<otto::mcu::Scheduler::Task, 1024u>::error, (void*)0>(tl::unexpect_t, otto::util::local_vector<otto::mcu::Scheduler::Task, 1024u>::error&&)
                0x0000000008006278                tl::detail::expected_copy_assign_base<otto::mcu::Scheduler::Task*, otto::util::local_vector<otto::mcu::Scheduler::Task, 1024u>::error, true>::expected_storage_base<otto::util::local_vector<otto::mcu::Scheduler::Task, 1024u>::error, (void*)0>(tl::unexpect_t, otto::util::local_vector<otto::mcu::Scheduler::Task, 1024u>::error&&)
 .text._ZN2tl6detail25expected_move_assign_baseIPN4otto3mcu9Scheduler4TaskENS2_4util12local_vectorIS5_Lj1024EE5errorELb1EECI2NS0_21expected_storage_baseIS6_SA_Lb1ELb1EEEIJSA_ELPv0EEENS_10unexpect_tEDpOT_
                0x000000000800629a       0x22 build/main.cpp.o
                0x000000000800629a                tl::detail::expected_move_assign_base<otto::mcu::Scheduler::Task*, otto::util::local_vector<otto::mcu::Scheduler::Task, 1024u>::error, true>::expected_storage_base<otto::util::local_vector<otto::mcu::Scheduler::Task, 1024u>::error, (void*)0>(tl::unexpect_t, otto::util::local_vector<otto::mcu::Scheduler::Task, 1024u>::error&&)
                0x000000000800629a                tl::detail::expected_move_assign_base<otto::mcu::Scheduler::Task*, otto::util::local_vector<otto::mcu::Scheduler::Task, 1024u>::error, true>::expected_storage_base<otto::util::local_vector<otto::mcu::Scheduler::Task, 1024u>::error, (void*)0>(tl::unexpect_t, otto::util::local_vector<otto::mcu::Scheduler::Task, 1024u>::error&&)
 .text._ZN2tl8expectedIPN4otto3mcu9Scheduler4TaskENS1_4util12local_vectorIS4_Lj1024EE5errorEEC2IS9_LPv0ELSC_0EEEONS_10unexpectedIT_EE
                0x00000000080062bc       0x38 build/main.cpp.o
                0x00000000080062bc                tl::expected<otto::mcu::Scheduler::Task*, otto::util::local_vector<otto::mcu::Scheduler::Task, 1024u>::error>::expected<otto::util::local_vector<otto::mcu::Scheduler::Task, 1024u>::error, (void*)0, (void*)0>(tl::unexpected<otto::util::local_vector<otto::mcu::Scheduler::Task, 1024u>::error>&&)
                0x00000000080062bc                tl::expected<otto::mcu::Scheduler::Task*, otto::util::local_vector<otto::mcu::Scheduler::Task, 1024u>::error>::expected<otto::util::local_vector<otto::mcu::Scheduler::Task, 1024u>::error, (void*)0, (void*)0>(tl::unexpected<otto::util::local_vector<otto::mcu::Scheduler::Task, 1024u>::error>&&)
 .text._ZSt7forwardIN4otto3mcu9Scheduler4TaskEEOT_RNSt16remove_referenceIS4_E4typeE
                0x00000000080062f4       0x16 build/main.cpp.o
                0x00000000080062f4                otto::mcu::Scheduler::Task&& std::forward<otto::mcu::Scheduler::Task>(std::remove_reference<otto::mcu::Scheduler::Task>::type&)
 .text._ZN2tl6detail24expected_operations_baseIPN4otto3mcu9Scheduler4TaskENS2_4util12local_vectorIS5_Lj1024EE5errorEECI2NS0_21expected_storage_baseIS6_SA_Lb1ELb1EEEIJS6_ELPv0EEENS_10in_place_tEDpOT_
                0x000000000800630a       0x22 build/main.cpp.o
                0x000000000800630a                tl::detail::expected_operations_base<otto::mcu::Scheduler::Task*, otto::util::local_vector<otto::mcu::Scheduler::Task, 1024u>::error>::expected_storage_base<otto::mcu::Scheduler::Task*, (void*)0>(tl::in_place_t, otto::mcu::Scheduler::Task*&&)
                0x000000000800630a                tl::detail::expected_operations_base<otto::mcu::Scheduler::Task*, otto::util::local_vector<otto::mcu::Scheduler::Task, 1024u>::error>::expected_storage_base<otto::mcu::Scheduler::Task*, (void*)0>(tl::in_place_t, otto::mcu::Scheduler::Task*&&)
 .text._ZN2tl6detail18expected_copy_baseIPN4otto3mcu9Scheduler4TaskENS2_4util12local_vectorIS5_Lj1024EE5errorELb1EECI2NS0_21expected_storage_baseIS6_SA_Lb1ELb1EEEIJS6_ELPv0EEENS_10in_place_tEDpOT_
                0x000000000800632c       0x22 build/main.cpp.o
                0x000000000800632c                tl::detail::expected_copy_base<otto::mcu::Scheduler::Task*, otto::util::local_vector<otto::mcu::Scheduler::Task, 1024u>::error, true>::expected_storage_base<otto::mcu::Scheduler::Task*, (void*)0>(tl::in_place_t, otto::mcu::Scheduler::Task*&&)
                0x000000000800632c                tl::detail::expected_copy_base<otto::mcu::Scheduler::Task*, otto::util::local_vector<otto::mcu::Scheduler::Task, 1024u>::error, true>::expected_storage_base<otto::mcu::Scheduler::Task*, (void*)0>(tl::in_place_t, otto::mcu::Scheduler::Task*&&)
 .text._ZN2tl6detail18expected_move_baseIPN4otto3mcu9Scheduler4TaskENS2_4util12local_vectorIS5_Lj1024EE5errorELb1EECI2NS0_21expected_storage_baseIS6_SA_Lb1ELb1EEEIJS6_ELPv0EEENS_10in_place_tEDpOT_
                0x000000000800634e       0x22 build/main.cpp.o
                0x000000000800634e                tl::detail::expected_move_base<otto::mcu::Scheduler::Task*, otto::util::local_vector<otto::mcu::Scheduler::Task, 1024u>::error, true>::expected_storage_base<otto::mcu::Scheduler::Task*, (void*)0>(tl::in_place_t, otto::mcu::Scheduler::Task*&&)
                0x000000000800634e                tl::detail::expected_move_base<otto::mcu::Scheduler::Task*, otto::util::local_vector<otto::mcu::Scheduler::Task, 1024u>::error, true>::expected_storage_base<otto::mcu::Scheduler::Task*, (void*)0>(tl::in_place_t, otto::mcu::Scheduler::Task*&&)
 .text._ZN2tl6detail25expected_copy_assign_baseIPN4otto3mcu9Scheduler4TaskENS2_4util12local_vectorIS5_Lj1024EE5errorELb1EECI2NS0_21expected_storage_baseIS6_SA_Lb1ELb1EEEIJS6_ELPv0EEENS_10in_place_tEDpOT_
                0x0000000008006370       0x22 build/main.cpp.o
                0x0000000008006370                tl::detail::expected_copy_assign_base<otto::mcu::Scheduler::Task*, otto::util::local_vector<otto::mcu::Scheduler::Task, 1024u>::error, true>::expected_storage_base<otto::mcu::Scheduler::Task*, (void*)0>(tl::in_place_t, otto::mcu::Scheduler::Task*&&)
                0x0000000008006370                tl::detail::expected_copy_assign_base<otto::mcu::Scheduler::Task*, otto::util::local_vector<otto::mcu::Scheduler::Task, 1024u>::error, true>::expected_storage_base<otto::mcu::Scheduler::Task*, (void*)0>(tl::in_place_t, otto::mcu::Scheduler::Task*&&)
 .text._ZN2tl6detail25expected_move_assign_baseIPN4otto3mcu9Scheduler4TaskENS2_4util12local_vectorIS5_Lj1024EE5errorELb1EECI2NS0_21expected_storage_baseIS6_SA_Lb1ELb1EEEIJS6_ELPv0EEENS_10in_place_tEDpOT_
                0x0000000008006392       0x22 build/main.cpp.o
                0x0000000008006392                tl::detail::expected_move_assign_base<otto::mcu::Scheduler::Task*, otto::util::local_vector<otto::mcu::Scheduler::Task, 1024u>::error, true>::expected_storage_base<otto::mcu::Scheduler::Task*, (void*)0>(tl::in_place_t, otto::mcu::Scheduler::Task*&&)
                0x0000000008006392                tl::detail::expected_move_assign_base<otto::mcu::Scheduler::Task*, otto::util::local_vector<otto::mcu::Scheduler::Task, 1024u>::error, true>::expected_storage_base<otto::mcu::Scheduler::Task*, (void*)0>(tl::in_place_t, otto::mcu::Scheduler::Task*&&)
 .text._ZN2tl8expectedIPN4otto3mcu9Scheduler4TaskENS1_4util12local_vectorIS4_Lj1024EE5errorEEC2IJS5_ELPv0EEENS_10in_place_tEDpOT_
                0x00000000080063b4       0x32 build/main.cpp.o
                0x00000000080063b4                tl::expected<otto::mcu::Scheduler::Task*, otto::util::local_vector<otto::mcu::Scheduler::Task, 1024u>::error>::expected<otto::mcu::Scheduler::Task*, (void*)0>(tl::in_place_t, otto::mcu::Scheduler::Task*&&)
                0x00000000080063b4                tl::expected<otto::mcu::Scheduler::Task*, otto::util::local_vector<otto::mcu::Scheduler::Task, 1024u>::error>::expected<otto::mcu::Scheduler::Task*, (void*)0>(tl::in_place_t, otto::mcu::Scheduler::Task*&&)
 .text._ZSt7forwardIPN4otto3mcu9Scheduler4TaskEEOT_RNSt16remove_referenceIS5_E4typeE
                0x00000000080063e6       0x16 build/main.cpp.o
                0x00000000080063e6                otto::mcu::Scheduler::Task*&& std::forward<otto::mcu::Scheduler::Task*>(std::remove_reference<otto::mcu::Scheduler::Task*>::type&)
 .text._ZN2tl8expectedIPN4otto3mcu9Scheduler4TaskENS1_4util12local_vectorIS4_Lj1024EE5errorEEC2IS5_LPv0ELSC_0EEEOT_
                0x00000000080063fc       0x26 build/main.cpp.o
                0x00000000080063fc                tl::expected<otto::mcu::Scheduler::Task*, otto::util::local_vector<otto::mcu::Scheduler::Task, 1024u>::error>::expected<otto::mcu::Scheduler::Task*, (void*)0, (void*)0>(otto::mcu::Scheduler::Task*&&)
                0x00000000080063fc                tl::expected<otto::mcu::Scheduler::Task*, otto::util::local_vector<otto::mcu::Scheduler::Task, 1024u>::error>::expected<otto::mcu::Scheduler::Task*, (void*)0, (void*)0>(otto::mcu::Scheduler::Task*&&)
 *fill*         0x0000000008006422        0x2 
 .text._ZSt9push_heapIPN4otto3mcu9Scheduler4TaskESt7greaterIS3_EEvT_S7_T0_
                0x0000000008006424       0x98 build/main.cpp.o
                0x0000000008006424                void std::push_heap<otto::mcu::Scheduler::Task*, std::greater<otto::mcu::Scheduler::Task> >(otto::mcu::Scheduler::Task*, otto::mcu::Scheduler::Task*, std::greater<otto::mcu::Scheduler::Task>)
 .text._ZNKSt5arrayIS_IhLj4EELj256EEixEj
                0x00000000080064bc       0x1e build/main.cpp.o
                0x00000000080064bc                std::array<std::array<unsigned char, 4u>, 256u>::operator[](unsigned int) const
 .text._ZSt5beginISt5arrayIhLj4EEEDTcldtfp_5beginEERKT_
                0x00000000080064da       0x18 build/main.cpp.o
                0x00000000080064da                decltype (({parm#1}.begin)()) std::begin<std::array<unsigned char, 4u> >(std::array<unsigned char, 4u> const&)
 .text._ZSt3endISt5arrayIhLj4EEEDTcldtfp_3endEERKT_
                0x00000000080064f2       0x18 build/main.cpp.o
                0x00000000080064f2                decltype (({parm#1}.end)()) std::end<std::array<unsigned char, 4u> >(std::array<unsigned char, 4u> const&)
 .text._ZSt7forwardIRPhEOT_RNSt16remove_referenceIS2_E4typeE
                0x000000000800650a       0x16 build/main.cpp.o
                0x000000000800650a                unsigned char*& std::forward<unsigned char*&>(std::remove_reference<unsigned char*&>::type&)
 .text._ZSt4copyIPKhPhET0_T_S4_S3_
                0x0000000008006520       0x30 build/main.cpp.o
                0x0000000008006520                unsigned char* std::copy<unsigned char const*, unsigned char*>(unsigned char const*, unsigned char const*, unsigned char*)
 .text._ZN4otto4util12local_vectorINS_3mcu9Scheduler4TaskELj1024EED2Ev
                0x0000000008006550       0x18 build/main.cpp.o
                0x0000000008006550                otto::util::local_vector<otto::mcu::Scheduler::Task, 1024u>::~local_vector()
                0x0000000008006550                otto::util::local_vector<otto::mcu::Scheduler::Task, 1024u>::~local_vector()
 .text._ZN4otto3mcu7ws2812b12Ws2812bArrayILi54EEC2ER19__SPI_HandleTypeDef
                0x0000000008006568       0x3a build/main.cpp.o
                0x0000000008006568                otto::mcu::ws2812b::Ws2812bArray<54>::Ws2812bArray(__SPI_HandleTypeDef&)
                0x0000000008006568                otto::mcu::ws2812b::Ws2812bArray<54>::Ws2812bArray(__SPI_HandleTypeDef&)
 .text._ZN4otto3mcu4keys9KeyMatrixI7KeyDataLi8ELi8EE4CellC2ES3_
                0x00000000080065a2       0x24 build/main.cpp.o
                0x00000000080065a2                otto::mcu::keys::KeyMatrix<KeyData, 8, 8>::Cell::Cell(KeyData)
                0x00000000080065a2                otto::mcu::keys::KeyMatrix<KeyData, 8, 8>::Cell::Cell(KeyData)
 .text._ZN4otto3mcu7ws2812b12Ws2812bArrayILi54EEixEi
                0x00000000080065c6       0x38 build/main.cpp.o
                0x00000000080065c6                otto::mcu::ws2812b::Ws2812bArray<54>::operator[](int)
 .text._ZN4otto3mcu7ws2812b12Ws2812bArrayILi54EE12maybe_updateEv
                0x00000000080065fe       0x1e build/main.cpp.o
                0x00000000080065fe                otto::mcu::ws2812b::Ws2812bArray<54>::maybe_update()
 .text._ZSt5clampIiERKT_S2_S2_S2_
                0x000000000800661c       0x3a build/main.cpp.o
                0x000000000800661c                int const& std::clamp<int>(int const&, int const&, int const&)
 .text._ZN4otto4util9algorithm4fillIRSt5arrayIhLj648EERKhEEDcOT_OT0_
                0x0000000008006656       0x34 build/main.cpp.o
                0x0000000008006656                decltype(auto) otto::util::algorithm::fill<std::array<unsigned char, 648u>&, unsigned char const&>(std::array<unsigned char, 648u>&, unsigned char const&)
 *fill*         0x000000000800668a        0x2 
 .text._ZN4otto3mcu7ws2812b12Ws2812bArrayILi54EE5clearEv
                0x000000000800668c       0x3c build/main.cpp.o
                0x000000000800668c                otto::mcu::ws2812b::Ws2812bArray<54>::clear()
 .text._ZN19fixed_size_functionIFvvELj64EL14construct_type2EEC2IRS0_EEOT_
                0x00000000080066c8       0x2c build/main.cpp.o
                0x00000000080066c8                fixed_size_function<void (), 64u, (construct_type)2>::fixed_size_function<void (&)()>(void (&)())
                0x00000000080066c8                fixed_size_function<void (), 64u, (construct_type)2>::fixed_size_function<void (&)()>(void (&)())
 .text._ZN4otto3mcu4keys9KeyMatrixI7KeyDataLi8ELi8EE4initEv
                0x00000000080066f4       0x80 build/main.cpp.o
                0x00000000080066f4                otto::mcu::keys::KeyMatrix<KeyData, 8, 8>::init()
 .text._ZN4otto3mcu7ws2812b12Ws2812bArrayILi54EE4initEv
                0x0000000008006774       0x58 build/main.cpp.o
                0x0000000008006774                otto::mcu::ws2812b::Ws2812bArray<54>::init()
 .text._ZN19fixed_size_functionIFvvELj64EL14construct_type2EEC2IZ14OTTO_main_loopEUlvE_EEOT_
                0x00000000080067cc       0x2c build/main.cpp.o
 .text._ZN19fixed_size_functionIFvvELj64EL14construct_type2EE5resetEv
                0x00000000080067f8       0x4c build/main.cpp.o
                0x00000000080067f8                fixed_size_function<void (), 64u, (construct_type)2>::reset()
 .text._ZN19fixed_size_functionIFvvELj64EL14construct_type2EE4moveEOS2_
                0x0000000008006844       0x3c build/main.cpp.o
                0x0000000008006844                fixed_size_function<void (), 64u, (construct_type)2>::move(fixed_size_function<void (), 64u, (construct_type)2>&&)
 .text._ZSt7launderIN4otto3mcu9Scheduler4TaskEEPT_S5_
                0x0000000008006880       0x16 build/main.cpp.o
                0x0000000008006880                otto::mcu::Scheduler::Task* std::launder<otto::mcu::Scheduler::Task>(otto::mcu::Scheduler::Task*)
 .text._ZN4otto3mcu9Scheduler4TaskaSEOS2_
                0x0000000008006896       0x30 build/main.cpp.o
                0x0000000008006896                otto::mcu::Scheduler::Task::operator=(otto::mcu::Scheduler::Task&&)
 *fill*         0x00000000080068c6        0x2 
 .text._ZSt10__pop_heapIPN4otto3mcu9Scheduler4TaskEN9__gnu_cxx5__ops15_Iter_comp_iterISt7greaterIS3_EEEEvT_SB_SB_RT0_
                0x00000000080068c8       0x94 build/main.cpp.o
                0x00000000080068c8                void std::__pop_heap<otto::mcu::Scheduler::Task*, __gnu_cxx::__ops::_Iter_comp_iter<std::greater<otto::mcu::Scheduler::Task> > >(otto::mcu::Scheduler::Task*, otto::mcu::Scheduler::Task*, otto::mcu::Scheduler::Task*, __gnu_cxx::__ops::_Iter_comp_iter<std::greater<otto::mcu::Scheduler::Task> >&)
 .text._ZSt4moveIRN4otto4util12local_vectorINS0_3mcu9Scheduler4TaskELj1024EE5errorEEONSt16remove_referenceIT_E4typeEOSA_
                0x000000000800695c       0x16 build/main.cpp.o
                0x000000000800695c                std::remove_reference<otto::util::local_vector<otto::mcu::Scheduler::Task, 1024u>::error&>::type&& std::move<otto::util::local_vector<otto::mcu::Scheduler::Task, 1024u>::error&>(otto::util::local_vector<otto::mcu::Scheduler::Task, 1024u>::error&)
 .text._ZNR2tl10unexpectedIN4otto4util12local_vectorINS1_3mcu9Scheduler4TaskELj1024EE5errorEE5valueEv
                0x0000000008006972       0x16 build/main.cpp.o
                0x0000000008006972                tl::unexpected<otto::util::local_vector<otto::mcu::Scheduler::Task, 1024u>::error>::value() &
 .text._ZSt7forwardIN4otto4util12local_vectorINS0_3mcu9Scheduler4TaskELj1024EE5errorEEOT_RNSt16remove_referenceIS8_E4typeE
                0x0000000008006988       0x16 build/main.cpp.o
                0x0000000008006988                otto::util::local_vector<otto::mcu::Scheduler::Task, 1024u>::error&& std::forward<otto::util::local_vector<otto::mcu::Scheduler::Task, 1024u>::error>(std::remove_reference<otto::util::local_vector<otto::mcu::Scheduler::Task, 1024u>::error>::type&)
 .text._ZN2tl6detail21expected_storage_baseIvN4otto4util12local_vectorINS2_3mcu9Scheduler4TaskELj1024EE5errorELb0ELb1EEC2IJS9_ELPv0EEENS_10unexpect_tEDpOT_
                0x000000000800699e       0x2e build/main.cpp.o
                0x000000000800699e                tl::detail::expected_storage_base<void, otto::util::local_vector<otto::mcu::Scheduler::Task, 1024u>::error, false, true>::expected_storage_base<otto::util::local_vector<otto::mcu::Scheduler::Task, 1024u>::error, (void*)0>(tl::unexpect_t, otto::util::local_vector<otto::mcu::Scheduler::Task, 1024u>::error&&)
                0x000000000800699e                tl::detail::expected_storage_base<void, otto::util::local_vector<otto::mcu::Scheduler::Task, 1024u>::error, false, true>::expected_storage_base<otto::util::local_vector<otto::mcu::Scheduler::Task, 1024u>::error, (void*)0>(tl::unexpect_t, otto::util::local_vector<otto::mcu::Scheduler::Task, 1024u>::error&&)
 .text._ZN2tl6detail26expected_default_ctor_baseIvN4otto4util12local_vectorINS2_3mcu9Scheduler4TaskELj1024EE5errorELb1EEC2ENS0_23default_constructor_tagE
                0x00000000080069cc       0x18 build/main.cpp.o
                0x00000000080069cc                tl::detail::expected_default_ctor_base<void, otto::util::local_vector<otto::mcu::Scheduler::Task, 1024u>::error, true>::expected_default_ctor_base(tl::detail::default_constructor_tag)
                0x00000000080069cc                tl::detail::expected_default_ctor_base<void, otto::util::local_vector<otto::mcu::Scheduler::Task, 1024u>::error, true>::expected_default_ctor_base(tl::detail::default_constructor_tag)
 .text._ZN2tl6detail21expected_storage_baseIPN4otto3mcu9Scheduler4TaskENS2_4util12local_vectorIS5_Lj1024EE5errorELb1ELb1EEC2IJSA_ELPv0EEENS_10unexpect_tEDpOT_
                0x00000000080069e4       0x2e build/main.cpp.o
                0x00000000080069e4                tl::detail::expected_storage_base<otto::mcu::Scheduler::Task*, otto::util::local_vector<otto::mcu::Scheduler::Task, 1024u>::error, true, true>::expected_storage_base<otto::util::local_vector<otto::mcu::Scheduler::Task, 1024u>::error, (void*)0>(tl::unexpect_t, otto::util::local_vector<otto::mcu::Scheduler::Task, 1024u>::error&&)
                0x00000000080069e4                tl::detail::expected_storage_base<otto::mcu::Scheduler::Task*, otto::util::local_vector<otto::mcu::Scheduler::Task, 1024u>::error, true, true>::expected_storage_base<otto::util::local_vector<otto::mcu::Scheduler::Task, 1024u>::error, (void*)0>(tl::unexpect_t, otto::util::local_vector<otto::mcu::Scheduler::Task, 1024u>::error&&)
 .text._ZN2tl6detail26expected_default_ctor_baseIPN4otto3mcu9Scheduler4TaskENS2_4util12local_vectorIS5_Lj1024EE5errorELb1EEC2ENS0_23default_constructor_tagE
                0x0000000008006a12       0x18 build/main.cpp.o
                0x0000000008006a12                tl::detail::expected_default_ctor_base<otto::mcu::Scheduler::Task*, otto::util::local_vector<otto::mcu::Scheduler::Task, 1024u>::error, true>::expected_default_ctor_base(tl::detail::default_constructor_tag)
                0x0000000008006a12                tl::detail::expected_default_ctor_base<otto::mcu::Scheduler::Task*, otto::util::local_vector<otto::mcu::Scheduler::Task, 1024u>::error, true>::expected_default_ctor_base(tl::detail::default_constructor_tag)
 .text._ZN2tl6detail21expected_storage_baseIPN4otto3mcu9Scheduler4TaskENS2_4util12local_vectorIS5_Lj1024EE5errorELb1ELb1EEC2IJS6_ELPv0EEENS_10in_place_tEDpOT_
                0x0000000008006a2a       0x2a build/main.cpp.o
                0x0000000008006a2a                tl::detail::expected_storage_base<otto::mcu::Scheduler::Task*, otto::util::local_vector<otto::mcu::Scheduler::Task, 1024u>::error, true, true>::expected_storage_base<otto::mcu::Scheduler::Task*, (void*)0>(tl::in_place_t, otto::mcu::Scheduler::Task*&&)
                0x0000000008006a2a                tl::detail::expected_storage_base<otto::mcu::Scheduler::Task*, otto::util::local_vector<otto::mcu::Scheduler::Task, 1024u>::error, true, true>::expected_storage_base<otto::mcu::Scheduler::Task*, (void*)0>(tl::in_place_t, otto::mcu::Scheduler::Task*&&)
 .text._ZN9__gnu_cxx5__ops14_Iter_comp_valISt7greaterIN4otto3mcu9Scheduler4TaskEEEC2ES7_
                0x0000000008006a54       0x1c build/main.cpp.o
                0x0000000008006a54                __gnu_cxx::__ops::_Iter_comp_val<std::greater<otto::mcu::Scheduler::Task> >::_Iter_comp_val(std::greater<otto::mcu::Scheduler::Task>)
                0x0000000008006a54                __gnu_cxx::__ops::_Iter_comp_val<std::greater<otto::mcu::Scheduler::Task> >::_Iter_comp_val(std::greater<otto::mcu::Scheduler::Task>)
 .text._ZSt11__push_heapIPN4otto3mcu9Scheduler4TaskEiS3_N9__gnu_cxx5__ops14_Iter_comp_valISt7greaterIS3_EEEEvT_T0_SC_T1_RT2_
                0x0000000008006a70       0xb2 build/main.cpp.o
                0x0000000008006a70                void std::__push_heap<otto::mcu::Scheduler::Task*, int, otto::mcu::Scheduler::Task, __gnu_cxx::__ops::_Iter_comp_val<std::greater<otto::mcu::Scheduler::Task> > >(otto::mcu::Scheduler::Task*, int, int, otto::mcu::Scheduler::Task, __gnu_cxx::__ops::_Iter_comp_val<std::greater<otto::mcu::Scheduler::Task> >&)
 .text._ZNKSt5arrayIhLj4EE5beginEv
                0x0000000008006b22       0x18 build/main.cpp.o
                0x0000000008006b22                std::array<unsigned char, 4u>::begin() const
 .text._ZNKSt5arrayIhLj4EE3endEv
                0x0000000008006b3a       0x1a build/main.cpp.o
                0x0000000008006b3a                std::array<unsigned char, 4u>::end() const
 .text._ZSt12__miter_baseIPKhET_S2_
                0x0000000008006b54       0x16 build/main.cpp.o
                0x0000000008006b54                unsigned char const* std::__miter_base<unsigned char const*>(unsigned char const*)
 .text._ZSt14__copy_move_a2ILb0EPKhPhET1_T0_S4_S3_
                0x0000000008006b6a       0x46 build/main.cpp.o
                0x0000000008006b6a                unsigned char* std::__copy_move_a2<false, unsigned char const*, unsigned char*>(unsigned char const*, unsigned char const*, unsigned char*)
 .text._ZN4otto4util12local_vectorINS_3mcu9Scheduler4TaskELj1024EE5clearEv
                0x0000000008006bb0       0x30 build/main.cpp.o
                0x0000000008006bb0                otto::util::local_vector<otto::mcu::Scheduler::Task, 1024u>::clear()
 .text._ZNSt5arrayIhLj648EE4dataEv
                0x0000000008006be0       0x1a build/main.cpp.o
                0x0000000008006be0                std::array<unsigned char, 648u>::data()
 .text._ZN4otto3mcu7ws2812b12Ws2812bArrayILi54EE11send_updateEv
                0x0000000008006bfa       0x1c build/main.cpp.o
                0x0000000008006bfa                otto::mcu::ws2812b::Ws2812bArray<54>::send_update()
 .text._ZNKSt5arrayIhLj4EEixEj
                0x0000000008006c16       0x1e build/main.cpp.o
                0x0000000008006c16                std::array<unsigned char, 4u>::operator[](unsigned int) const
 .text._ZSt5beginISt5arrayIhLj648EEEDTcldtfp_5beginEERT_
                0x0000000008006c34       0x18 build/main.cpp.o
                0x0000000008006c34                decltype (({parm#1}.begin)()) std::begin<std::array<unsigned char, 648u> >(std::array<unsigned char, 648u>&)
 .text._ZSt3endISt5arrayIhLj648EEEDTcldtfp_3endEERT_
                0x0000000008006c4c       0x18 build/main.cpp.o
                0x0000000008006c4c                decltype (({parm#1}.end)()) std::end<std::array<unsigned char, 648u> >(std::array<unsigned char, 648u>&)
 .text._ZSt7forwardIRKhEOT_RNSt16remove_referenceIS2_E4typeE
                0x0000000008006c64       0x16 build/main.cpp.o
                0x0000000008006c64                unsigned char const& std::forward<unsigned char const&>(std::remove_reference<unsigned char const&>::type&)
 .text._ZSt4fillIPhhEvT_S1_RKT0_
                0x0000000008006c7a       0x2e build/main.cpp.o
                0x0000000008006c7a                void std::fill<unsigned char*, unsigned char>(unsigned char*, unsigned char*, unsigned char const&)
 .text._ZSt7forwardIRFvvEEOT_RNSt16remove_referenceIS2_E4typeE
                0x0000000008006ca8       0x16 build/main.cpp.o
                0x0000000008006ca8                void (&std::forward<void (&)()>(std::remove_reference<void (&)()>::type&))()
 *fill*         0x0000000008006cbe        0x2 
 .text._ZN19fixed_size_functionIFvvELj64EL14construct_type2EE6createIRS0_EEvOT_
                0x0000000008006cc0       0x50 build/main.cpp.o
                0x0000000008006cc0                void fixed_size_function<void (), 64u, (construct_type)2>::create<void (&)()>(void (&)())
 .text._ZNSt5arrayIN4otto3mcu7GpioPinELj8EE5beginEv
                0x0000000008006d10       0x18 build/main.cpp.o
                0x0000000008006d10                std::array<otto::mcu::GpioPin, 8u>::begin()
 .text._ZNSt5arrayIN4otto3mcu7GpioPinELj8EE3endEv
                0x0000000008006d28       0x1a build/main.cpp.o
                0x0000000008006d28                std::array<otto::mcu::GpioPin, 8u>::end()
 .text._ZNSt5arrayIhLj2EE4dataEv
                0x0000000008006d42       0x1a build/main.cpp.o
                0x0000000008006d42                std::array<unsigned char, 2u>::data()
 .text._ZNKSt5arrayIhLj2EE4sizeEv
                0x0000000008006d5c       0x16 build/main.cpp.o
                0x0000000008006d5c                std::array<unsigned char, 2u>::size() const
 .text._ZSt7forwardIZ14OTTO_main_loopEUlvE_EOT_RNSt16remove_referenceIS1_E4typeE
                0x0000000008006d72       0x16 build/main.cpp.o
 .text._ZN19fixed_size_functionIFvvELj64EL14construct_type2EE6createIZ14OTTO_main_loopEUlvE_EEvOT_
                0x0000000008006d88       0x48 build/main.cpp.o
 .text._ZN19fixed_size_functionIFvvELj64EL14construct_type2EEaSEOS2_
                0x0000000008006dd0       0x24 build/main.cpp.o
                0x0000000008006dd0                fixed_size_function<void (), 64u, (construct_type)2>::operator=(fixed_size_function<void (), 64u, (construct_type)2>&&)
 .text._ZSt13__adjust_heapIPN4otto3mcu9Scheduler4TaskEiS3_N9__gnu_cxx5__ops15_Iter_comp_iterISt7greaterIS3_EEEEvT_T0_SC_T1_T2_
                0x0000000008006df4      0x144 build/main.cpp.o
                0x0000000008006df4                void std::__adjust_heap<otto::mcu::Scheduler::Task*, int, otto::mcu::Scheduler::Task, __gnu_cxx::__ops::_Iter_comp_iter<std::greater<otto::mcu::Scheduler::Task> > >(otto::mcu::Scheduler::Task*, int, int, otto::mcu::Scheduler::Task, __gnu_cxx::__ops::_Iter_comp_iter<std::greater<otto::mcu::Scheduler::Task> >)
 .text._ZN9__gnu_cxx5__ops14_Iter_comp_valISt7greaterIN4otto3mcu9Scheduler4TaskEEEclIPS6_S6_EEbT_RT0_
                0x0000000008006f38       0x22 build/main.cpp.o
                0x0000000008006f38                bool __gnu_cxx::__ops::_Iter_comp_val<std::greater<otto::mcu::Scheduler::Task> >::operator()<otto::mcu::Scheduler::Task*, otto::mcu::Scheduler::Task>(otto::mcu::Scheduler::Task*, otto::mcu::Scheduler::Task&)
 .text._ZNSt14__array_traitsIhLj4EE6_S_ptrERA4_Kh
                0x0000000008006f5a       0x16 build/main.cpp.o
                0x0000000008006f5a                std::__array_traits<unsigned char, 4u>::_S_ptr(unsigned char const (&) [4])
 .text._ZNKSt5arrayIhLj4EE4dataEv
                0x0000000008006f70       0x1a build/main.cpp.o
                0x0000000008006f70                std::array<unsigned char, 4u>::data() const
 .text._ZSt12__niter_baseIPKhET_S2_
                0x0000000008006f8a       0x16 build/main.cpp.o
                0x0000000008006f8a                unsigned char const* std::__niter_base<unsigned char const*>(unsigned char const*)
 .text._ZSt12__niter_baseIPhET_S1_
                0x0000000008006fa0       0x16 build/main.cpp.o
                0x0000000008006fa0                unsigned char* std::__niter_base<unsigned char*>(unsigned char*)
 .text._ZSt13__copy_move_aILb0EPKhPhET1_T0_S4_S3_
                0x0000000008006fb6       0x24 build/main.cpp.o
                0x0000000008006fb6                unsigned char* std::__copy_move_a<false, unsigned char const*, unsigned char*>(unsigned char const*, unsigned char const*, unsigned char*)
 .text._ZSt12__niter_wrapIPhET_RKS1_S1_
                0x0000000008006fda       0x18 build/main.cpp.o
                0x0000000008006fda                unsigned char* std::__niter_wrap<unsigned char*>(unsigned char* const&, unsigned char*)
 .text._ZNSt14__array_traitsIhLj648EE6_S_ptrERA648_Kh
                0x0000000008006ff2       0x16 build/main.cpp.o
                0x0000000008006ff2                std::__array_traits<unsigned char, 648u>::_S_ptr(unsigned char const (&) [648])
 .text._ZN4otto3mcu7ws2812b12Ws2812bArrayILi54EE8transmitEv
                0x0000000008007008       0x7c build/main.cpp.o
                0x0000000008007008                otto::mcu::ws2812b::Ws2812bArray<54>::transmit()
 .text._ZNSt5arrayIhLj648EE5beginEv
                0x0000000008007084       0x18 build/main.cpp.o
                0x0000000008007084                std::array<unsigned char, 648u>::begin()
 .text._ZNSt5arrayIhLj648EE3endEv
                0x000000000800709c       0x1c build/main.cpp.o
                0x000000000800709c                std::array<unsigned char, 648u>::end()
 .text._ZSt8__fill_aIhEN9__gnu_cxx11__enable_ifIXsrSt9__is_byteIT_E7__valueEvE6__typeEPS3_S7_RKS3_
                0x00000000080070b8       0x34 build/main.cpp.o
                0x00000000080070b8                __gnu_cxx::__enable_if<std::__is_byte<unsigned char>::__value, void>::__type std::__fill_a<unsigned char>(unsigned char*, unsigned char*, unsigned char const&)
 .text._ZN19fixed_size_functionIFvvELj64EL14construct_type2EE9call_implIPS0_EEvPv
                0x00000000080070ec       0x16 build/main.cpp.o
                0x00000000080070ec                void fixed_size_function<void (), 64u, (construct_type)2>::call_impl<void (*)()>(void*)
 .text._ZN19fixed_size_functionIFvvELj64EL14construct_type2EE12destroy_implIPS0_EEvPv
                0x0000000008007102       0x14 build/main.cpp.o
                0x0000000008007102                void fixed_size_function<void (), 64u, (construct_type)2>::destroy_impl<void (*)()>(void*)
 .text._ZN19fixed_size_functionIFvvELj64EL14construct_type2EE9init_copyIPS0_EEvSt17integral_constantIbLb0EE
                0x0000000008007116       0x16 build/main.cpp.o
                0x0000000008007116                void fixed_size_function<void (), 64u, (construct_type)2>::init_copy<void (*)()>(std::integral_constant<bool, false>)
 .text._ZN19fixed_size_functionIFvvELj64EL14construct_type2EE9init_moveIPS0_EEvSt17integral_constantIbLb1EE
                0x000000000800712c       0x20 build/main.cpp.o
                0x000000000800712c                void fixed_size_function<void (), 64u, (construct_type)2>::init_move<void (*)()>(std::integral_constant<bool, true>)
 .text._ZNSt5arrayIN4otto3mcu7GpioPinELj8EE4dataEv
                0x000000000800714c       0x1a build/main.cpp.o
                0x000000000800714c                std::array<otto::mcu::GpioPin, 8u>::data()
 .text._ZNSt14__array_traitsIhLj2EE6_S_ptrERA2_Kh
                0x0000000008007166       0x16 build/main.cpp.o
                0x0000000008007166                std::__array_traits<unsigned char, 2u>::_S_ptr(unsigned char const (&) [2])
 .text._ZN19fixed_size_functionIFvvELj64EL14construct_type2EE9call_implIZ14OTTO_main_loopEUlvE_EEvPv
                0x000000000800717c       0x16 build/main.cpp.o
 .text._ZN19fixed_size_functionIFvvELj64EL14construct_type2EE12destroy_implIZ14OTTO_main_loopEUlvE_EEvPv
                0x0000000008007192       0x14 build/main.cpp.o
 .text._ZN19fixed_size_functionIFvvELj64EL14construct_type2EE9init_copyIZ14OTTO_main_loopEUlvE_EEvSt17integral_constantIbLb0EE
                0x00000000080071a6       0x16 build/main.cpp.o
 .text._ZN19fixed_size_functionIFvvELj64EL14construct_type2EE9init_moveIZ14OTTO_main_loopEUlvE_EEvSt17integral_constantIbLb1EE
                0x00000000080071bc       0x20 build/main.cpp.o
 .text._ZN19fixed_size_functionIFvvELj64EL14construct_type2EE6assignEOS2_
                0x00000000080071dc       0x28 build/main.cpp.o
                0x00000000080071dc                fixed_size_function<void (), 64u, (construct_type)2>::assign(fixed_size_function<void (), 64u, (construct_type)2>&&)
 .text._ZN9__gnu_cxx5__ops15_Iter_comp_iterISt7greaterIN4otto3mcu9Scheduler4TaskEEEclIPS6_SA_EEbT_T0_
                0x0000000008007204       0x22 build/main.cpp.o
                0x0000000008007204                bool __gnu_cxx::__ops::_Iter_comp_iter<std::greater<otto::mcu::Scheduler::Task> >::operator()<otto::mcu::Scheduler::Task*, otto::mcu::Scheduler::Task*>(otto::mcu::Scheduler::Task*, otto::mcu::Scheduler::Task*)
 .text._ZSt4moveIRN9__gnu_cxx5__ops15_Iter_comp_iterISt7greaterIN4otto3mcu9Scheduler4TaskEEEEEONSt16remove_referenceIT_E4typeEOSC_
                0x0000000008007226       0x16 build/main.cpp.o
                0x0000000008007226                std::remove_reference<__gnu_cxx::__ops::_Iter_comp_iter<std::greater<otto::mcu::Scheduler::Task> >&>::type&& std::move<__gnu_cxx::__ops::_Iter_comp_iter<std::greater<otto::mcu::Scheduler::Task> >&>(__gnu_cxx::__ops::_Iter_comp_iter<std::greater<otto::mcu::Scheduler::Task> >&)
 .text._ZN9__gnu_cxx5__ops14_Iter_comp_valISt7greaterIN4otto3mcu9Scheduler4TaskEEEC2EONS0_15_Iter_comp_iterIS7_EE
                0x000000000800723c       0x1c build/main.cpp.o
                0x000000000800723c                __gnu_cxx::__ops::_Iter_comp_val<std::greater<otto::mcu::Scheduler::Task> >::_Iter_comp_val(__gnu_cxx::__ops::_Iter_comp_iter<std::greater<otto::mcu::Scheduler::Task> >&&)
                0x000000000800723c                __gnu_cxx::__ops::_Iter_comp_val<std::greater<otto::mcu::Scheduler::Task> >::_Iter_comp_val(__gnu_cxx::__ops::_Iter_comp_iter<std::greater<otto::mcu::Scheduler::Task> >&&)
 .text._ZNKSt7greaterIN4otto3mcu9Scheduler4TaskEEclERKS3_S6_
                0x0000000008007258       0x1e build/main.cpp.o
                0x0000000008007258                std::greater<otto::mcu::Scheduler::Task>::operator()(otto::mcu::Scheduler::Task const&, otto::mcu::Scheduler::Task const&) const
 .text._ZNSt11__copy_moveILb0ELb1ESt26random_access_iterator_tagE8__copy_mIhEEPT_PKS3_S6_S4_
                0x0000000008007276       0x34 build/main.cpp.o
                0x0000000008007276                unsigned char* std::__copy_move<false, true, std::random_access_iterator_tag>::__copy_m<unsigned char>(unsigned char const*, unsigned char const*, unsigned char*)
 .text._ZNKSt5arrayIhLj648EE4sizeEv
                0x00000000080072aa       0x18 build/main.cpp.o
                0x00000000080072aa                std::array<unsigned char, 648u>::size() const
 .text._ZN19fixed_size_functionIFvvELj64EL14construct_type2EE9move_implIPS0_EEvPvS5_
                0x00000000080072c2       0x2a build/main.cpp.o
                0x00000000080072c2                void fixed_size_function<void (), 64u, (construct_type)2>::move_impl<void (*)()>(void*, void*)
 .text._ZNSt14__array_traitsIN4otto3mcu7GpioPinELj8EE6_S_ptrERA8_KS2_
                0x00000000080072ec       0x16 build/main.cpp.o
                0x00000000080072ec                std::__array_traits<otto::mcu::GpioPin, 8u>::_S_ptr(otto::mcu::GpioPin const (&) [8])
 .text._ZN19fixed_size_functionIFvvELj64EL14construct_type2EE9move_implIZ14OTTO_main_loopEUlvE_EEvPvS5_
                0x0000000008007302       0x22 build/main.cpp.o
 .text._ZSt4moveIRPFvvEEONSt16remove_referenceIT_E4typeEOS4_
                0x0000000008007324       0x16 build/main.cpp.o
                0x0000000008007324                std::remove_reference<void (*&)()>::type&& std::move<void (*&)()>(void (*&)())
 .text._ZSt4moveIRZ14OTTO_main_loopEUlvE_EONSt16remove_referenceIT_E4typeEOS3_
                0x000000000800733a       0x16 build/main.cpp.o
 .text._Z41__static_initialization_and_destruction_0ii
                0x0000000008007350      0x4dc build/main.cpp.o
 .text._GLOBAL__sub_I__ZN4otto3mcu9main_loopE
                0x000000000800782c       0x10 build/main.cpp.o
 .text.__aeabi_atexit
                0x000000000800783c        0xa /usr/lib/gcc/arm-none-eabi/9.3.0/../../../../arm-none-eabi/lib/thumb/v7e-m+fp/hard/libc_nano.a(lib_a-aeabi_atexit.o)
                0x000000000800783c                __aeabi_atexit
 *fill*         0x0000000008007846        0x2 
 .text.__cxa_atexit
                0x0000000008007848       0x1c /usr/lib/gcc/arm-none-eabi/9.3.0/../../../../arm-none-eabi/lib/thumb/v7e-m+fp/hard/libc_nano.a(lib_a-cxa_atexit.o)
                0x0000000008007848                __cxa_atexit
 .text.__libc_init_array
                0x0000000008007864       0x48 /usr/lib/gcc/arm-none-eabi/9.3.0/../../../../arm-none-eabi/lib/thumb/v7e-m+fp/hard/libc_nano.a(lib_a-init.o)
                0x0000000008007864                __libc_init_array
 .text.malloc   0x00000000080078ac       0x10 /usr/lib/gcc/arm-none-eabi/9.3.0/../../../../arm-none-eabi/lib/thumb/v7e-m+fp/hard/libc_nano.a(lib_a-malloc.o)
                0x00000000080078ac                malloc
 .text.memmove  0x00000000080078bc       0x34 /usr/lib/gcc/arm-none-eabi/9.3.0/../../../../arm-none-eabi/lib/thumb/v7e-m+fp/hard/libc_nano.a(lib_a-memmove.o)
                0x00000000080078bc                memmove
 .text.memset   0x00000000080078f0       0x10 /usr/lib/gcc/arm-none-eabi/9.3.0/../../../../arm-none-eabi/lib/thumb/v7e-m+fp/hard/libc_nano.a(lib_a-memset.o)
                0x00000000080078f0                memset
 .text._free_r  0x0000000008007900       0xa0 /usr/lib/gcc/arm-none-eabi/9.3.0/../../../../arm-none-eabi/lib/thumb/v7e-m+fp/hard/libc_nano.a(lib_a-nano-freer.o)
                0x0000000008007900                _free_r
 .text._malloc_r
                0x00000000080079a0       0xb4 /usr/lib/gcc/arm-none-eabi/9.3.0/../../../../arm-none-eabi/lib/thumb/v7e-m+fp/hard/libc_nano.a(lib_a-nano-mallocr.o)
                0x00000000080079a0                _malloc_r
 .text.printf   0x0000000008007a54       0x30 /usr/lib/gcc/arm-none-eabi/9.3.0/../../../../arm-none-eabi/lib/thumb/v7e-m+fp/hard/libc_nano.a(lib_a-printf.o)
                0x0000000008007a54                printf
                0x0000000008007a54                iprintf
 .text._sbrk_r  0x0000000008007a84       0x20 /usr/lib/gcc/arm-none-eabi/9.3.0/../../../../arm-none-eabi/lib/thumb/v7e-m+fp/hard/libc_nano.a(lib_a-sbrkr.o)
                0x0000000008007a84                _sbrk_r
 .text.__register_exitproc
                0x0000000008007aa4       0xc4 /usr/lib/gcc/arm-none-eabi/9.3.0/../../../../arm-none-eabi/lib/thumb/v7e-m+fp/hard/libc_nano.a(lib_a-__atexit.o)
                0x0000000008007aa4                __register_exitproc
 .text.std      0x0000000008007b68       0x48 /usr/lib/gcc/arm-none-eabi/9.3.0/../../../../arm-none-eabi/lib/thumb/v7e-m+fp/hard/libc_nano.a(lib_a-findfp.o)
 .text._cleanup_r
                0x0000000008007bb0        0xc /usr/lib/gcc/arm-none-eabi/9.3.0/../../../../arm-none-eabi/lib/thumb/v7e-m+fp/hard/libc_nano.a(lib_a-findfp.o)
                0x0000000008007bb0                _cleanup_r
 .text.__sfmoreglue
                0x0000000008007bbc       0x2c /usr/lib/gcc/arm-none-eabi/9.3.0/../../../../arm-none-eabi/lib/thumb/v7e-m+fp/hard/libc_nano.a(lib_a-findfp.o)
                0x0000000008007bbc                __sfmoreglue
 .text.__sfp_lock_acquire
                0x0000000008007be8        0xc /usr/lib/gcc/arm-none-eabi/9.3.0/../../../../arm-none-eabi/lib/thumb/v7e-m+fp/hard/libc_nano.a(lib_a-findfp.o)
                0x0000000008007be8                __sfp_lock_acquire
 .text.__sfp_lock_release
                0x0000000008007bf4        0xc /usr/lib/gcc/arm-none-eabi/9.3.0/../../../../arm-none-eabi/lib/thumb/v7e-m+fp/hard/libc_nano.a(lib_a-findfp.o)
                0x0000000008007bf4                __sfp_lock_release
 .text.__sinit_lock_acquire
                0x0000000008007c00        0xc /usr/lib/gcc/arm-none-eabi/9.3.0/../../../../arm-none-eabi/lib/thumb/v7e-m+fp/hard/libc_nano.a(lib_a-findfp.o)
                0x0000000008007c00                __sinit_lock_acquire
 .text.__sinit_lock_release
                0x0000000008007c0c        0xc /usr/lib/gcc/arm-none-eabi/9.3.0/../../../../arm-none-eabi/lib/thumb/v7e-m+fp/hard/libc_nano.a(lib_a-findfp.o)
                0x0000000008007c0c                __sinit_lock_release
 .text.__sinit  0x0000000008007c18       0x70 /usr/lib/gcc/arm-none-eabi/9.3.0/../../../../arm-none-eabi/lib/thumb/v7e-m+fp/hard/libc_nano.a(lib_a-findfp.o)
                0x0000000008007c18                __sinit